../../Middlewares/ST/touchgfx/framework/include/touchgfx/Screen.hpp:104:18:virtual void touchgfx::Screen::afterTransition()	0	static
../../Middlewares/ST/touchgfx/framework/include/touchgfx/Screen.hpp:144:18:virtual void touchgfx::Screen::handleTickEvent()	0	static
../../Middlewares/ST/touchgfx/framework/include/touchgfx/Screen.hpp:154:18:virtual void touchgfx::Screen::handleKeyEvent(uint8_t)	0	static
../../TouchGFX/gui/include/gui/screen1_screen/Screen1View.hpp:11:13:Screen1View::~Screen1View()	0	static
C:/TouchGFXProjects/super_LED/TouchGFX/gui/src/screen1_screen/Screen1View.cpp:114:6:virtual void Screen1View::tearDownScreen()	0	static
C:/TouchGFXProjects/super_LED/TouchGFX/gui/src/screen1_screen/Screen1View.cpp:109:6:virtual void Screen1View::setupScreen()	0	static
../../TouchGFX/gui/include/gui/screen1_screen/Screen1View.hpp:11:13:virtual Screen1View::~Screen1View()	8	static
C:/TouchGFXProjects/super_LED/TouchGFX/gui/src/screen1_screen/Screen1View.cpp:16:1:Screen1View::Screen1View()	8	static
C:/TouchGFXProjects/super_LED/TouchGFX/gui/src/screen1_screen/Screen1View.cpp:21:6:void Set_LED(int, int, int, int)	8	static
C:/TouchGFXProjects/super_LED/TouchGFX/gui/src/screen1_screen/Screen1View.cpp:29:6:void Set_Brightness(int)	8	static
C:/TouchGFXProjects/super_LED/TouchGFX/gui/src/screen1_screen/Screen1View.cpp:49:6:void WS2812_Send()	24	static
C:/TouchGFXProjects/super_LED/TouchGFX/gui/src/screen1_screen/Screen1View.cpp:88:6:void HAL_TIM_PWM_PulseFinishedCallback(TIM_HandleTypeDef*)	8	static
C:/TouchGFXProjects/super_LED/TouchGFX/gui/src/screen1_screen/Screen1View.cpp:94:6:void tur_on_led()	8	static
C:/TouchGFXProjects/super_LED/TouchGFX/gui/src/screen1_screen/Screen1View.cpp:119:6:virtual void Screen1View::led()	0	static
