../../Middlewares/ST/touchgfx/framework/include/touchgfx/Application.hpp:71:18:virtual void touchgfx::Application::changeToStartScreen()	0	static
../../Middlewares/ST/touchgfx/framework/include/touchgfx/Application.hpp:90:18:virtual void touchgfx::Application::appSwitchScreen(uint8_t)	0	static
../../Middlewares/ST/touchgfx/framework/include/touchgfx/Application.hpp:102:18:virtual void touchgfx::Application::requestRedraw(touchgfx::Rect&)	0	static
../../Middlewares/ST/touchgfx/framework/include/touchgfx/transitions/Transition.hpp:71:18:virtual void touchgfx::Transition::tearDown()	0	static
../../Middlewares/ST/touchgfx/framework/include/touchgfx/transitions/Transition.hpp:79:18:virtual void touchgfx::Transition::init()	0	static
../../Middlewares/ST/touchgfx/framework/include/touchgfx/transitions/Transition.hpp:99:18:virtual void touchgfx::Transition::setScreenContainer(touchgfx::Container&)	0	static
../../Middlewares/ST/touchgfx/framework/include/mvp/MVPApplication.hpp:43:7:touchgfx::MVPApplication::~MVPApplication()	0	static
../../TouchGFX/generated/gui_generated/include/gui_generated/common/FrontendApplicationBase.hpp:16:13:FrontendApplicationBase::~FrontendApplicationBase()	0	static
../../TouchGFX/generated/gui_generated/include/gui_generated/common/FrontendApplicationBase.hpp:18:18:virtual void FrontendApplicationBase::changeToStartScreen()	0	static
../../Middlewares/ST/touchgfx/framework/include/touchgfx/transitions/NoTransition.hpp:35:18:virtual void touchgfx::NoTransition::handleTickEvent()	0	static
../../Middlewares/ST/touchgfx/framework/include/touchgfx/transitions/NoTransition.hpp:31:7:touchgfx::NoTransition::~NoTransition()	0	static
../../Middlewares/ST/touchgfx/framework/include/touchgfx/Callback.hpp:424:8:touchgfx::Callback<FrontendApplicationBase>::~Callback()	0	static
../../Middlewares/ST/touchgfx/framework/include/touchgfx/Callback.hpp:449:18:void touchgfx::Callback<dest_type, void, void, void>::execute() [with dest_type = FrontendApplicationBase]	4	static
../../Middlewares/ST/touchgfx/framework/include/touchgfx/Callback.hpp:459:18:bool touchgfx::Callback<dest_type, void, void, void>::isValid() const [with dest_type = FrontendApplicationBase]	0	static
../../Middlewares/ST/touchgfx/framework/include/touchgfx/transitions/NoTransition.hpp:31:7:virtual touchgfx::NoTransition::~NoTransition()	8	static
../../Middlewares/ST/touchgfx/framework/include/touchgfx/Callback.hpp:424:8:virtual touchgfx::Callback<FrontendApplicationBase>::~Callback()	8	static
../../Middlewares/ST/touchgfx/framework/include/mvp/MVPApplication.hpp:43:7:virtual touchgfx::MVPApplication::~MVPApplication()	8	static
../../TouchGFX/generated/gui_generated/include/gui_generated/common/FrontendApplicationBase.hpp:16:13:virtual FrontendApplicationBase::~FrontendApplicationBase()	8	static
../../Middlewares/ST/touchgfx/framework/include/touchgfx/transitions/Transition.hpp:88:18:virtual void touchgfx::Transition::invalidate()	8	static
../../Middlewares/ST/touchgfx/framework/include/mvp/MVPApplication.hpp:59:18:virtual void touchgfx::MVPApplication::handlePendingScreenTransition()	8	static
C:/TouchGFXProjects/paleo_scan/TouchGFX/generated/gui_generated/src/common/FrontendApplicationBase.cpp:25:1:FrontendApplicationBase::FrontendApplicationBase(Model&, FrontendHeap&)	24	static
C:/TouchGFXProjects/paleo_scan/TouchGFX/generated/gui_generated/src/common/FrontendApplicationBase.cpp:42:6:void FrontendApplicationBase::gotoMainScreenNoTransition()	0	static
C:/TouchGFXProjects/paleo_scan/TouchGFX/generated/gui_generated/src/common/FrontendApplicationBase.cpp:55:6:void FrontendApplicationBase::gotoIlluminationScreenNoTransition()	0	static
C:/TouchGFXProjects/paleo_scan/TouchGFX/generated/gui_generated/src/common/FrontendApplicationBase.cpp:68:6:void FrontendApplicationBase::gotoManualScreenNoTransition()	0	static
C:/TouchGFXProjects/paleo_scan/TouchGFX/generated/gui_generated/src/common/FrontendApplicationBase.cpp:81:6:void FrontendApplicationBase::gotoAutomaticScreenNoTransition()	0	static
C:/TouchGFXProjects/paleo_scan/TouchGFX/generated/gui_generated/src/common/FrontendApplicationBase.cpp:94:6:void FrontendApplicationBase::gotoCalibrationScreenNoTransition()	0	static
../../Middlewares/ST/touchgfx/framework/include/common/AbstractPartition.hpp:135:8:T& touchgfx::AbstractPartition::at(uint16_t) [with T = touchgfx::NoTransition]	0	static
C:/TouchGFXProjects/paleo_scan/TouchGFX/generated/gui_generated/src/common/FrontendApplicationBase.cpp:100:6:void FrontendApplicationBase::gotoCalibrationScreenNoTransitionImpl()	40	static
C:/TouchGFXProjects/paleo_scan/TouchGFX/generated/gui_generated/src/common/FrontendApplicationBase.cpp:87:6:void FrontendApplicationBase::gotoAutomaticScreenNoTransitionImpl()	40	static
C:/TouchGFXProjects/paleo_scan/TouchGFX/generated/gui_generated/src/common/FrontendApplicationBase.cpp:74:6:void FrontendApplicationBase::gotoManualScreenNoTransitionImpl()	40	static
C:/TouchGFXProjects/paleo_scan/TouchGFX/generated/gui_generated/src/common/FrontendApplicationBase.cpp:61:6:void FrontendApplicationBase::gotoIlluminationScreenNoTransitionImpl()	40	static
C:/TouchGFXProjects/paleo_scan/TouchGFX/generated/gui_generated/src/common/FrontendApplicationBase.cpp:48:6:void FrontendApplicationBase::gotoMainScreenNoTransitionImpl()	40	static
