../../Middlewares/ST/touchgfx/framework/include/touchgfx/Screen.hpp:144:18:virtual void touchgfx::Screen::handleTickEvent()	0	static
../../Middlewares/ST/touchgfx/framework/include/touchgfx/Screen.hpp:154:18:virtual void touchgfx::Screen::handleKeyEvent(uint8_t)	0	static
../../TouchGFX/gui/include/gui/screen2_screen/Screen2View.hpp:11:13:Screen2View::~Screen2View()	0	static
C:/TouchGFXProjects/button_pressed/TouchGFX/gui/src/screen2_screen/Screen2View.cpp:14:6:virtual void Screen2View::tearDownScreen()	0	static
C:/TouchGFXProjects/button_pressed/TouchGFX/gui/src/screen2_screen/Screen2View.cpp:9:6:virtual void Screen2View::setupScreen()	0	static
C:/TouchGFXProjects/button_pressed/TouchGFX/gui/src/screen2_screen/Screen2View.cpp:19:6:virtual void Screen2View::init()	24	static
../../TouchGFX/gui/include/gui/screen2_screen/Screen2View.hpp:11:13:virtual Screen2View::~Screen2View()	8	static
C:/TouchGFXProjects/button_pressed/TouchGFX/gui/src/screen2_screen/Screen2View.cpp:4:1:Screen2View::Screen2View()	8	static
