C:/TouchGFXProjects/paleo_scan/Core/Src/main.c:898:6:StartDefaultTask	8	static
C:/TouchGFXProjects/paleo_scan/Core/Src/main.c:113:6:pwm_on	0	static
C:/TouchGFXProjects/paleo_scan/Core/Src/main.c:117:6:pwm_off	0	static
C:/TouchGFXProjects/paleo_scan/Core/Src/main.c:121:6:DWT_Init	0	static
C:/TouchGFXProjects/paleo_scan/Core/Src/main.c:131:10:DWT_Get	0	static
C:/TouchGFXProjects/paleo_scan/Core/Src/main.c:142:6:DWT_Delay	8	static
C:/TouchGFXProjects/paleo_scan/Core/Src/main.c:148:6:buzzer	24	static
C:/TouchGFXProjects/paleo_scan/Core/Src/main.c:256:6:SystemClock_Config	96	static
C:/TouchGFXProjects/paleo_scan/Core/Src/main.c:165:5:main	240	static
C:/TouchGFXProjects/paleo_scan/Core/Src/main.c:917:6:HAL_TIM_PeriodElapsedCallback	0	static
C:/TouchGFXProjects/paleo_scan/Core/Src/main.c:934:6:Error_Handler	0	static
