C:/TouchGFXProjects/paleo_scan/Core/Src/stm32f4xx_hal_msp.c:67:6:HAL_MspInit	8	static
C:/TouchGFXProjects/paleo_scan/Core/Src/stm32f4xx_hal_msp.c:91:6:HAL_CRC_MspInit	8	static
C:/TouchGFXProjects/paleo_scan/Core/Src/stm32f4xx_hal_msp.c:113:6:HAL_CRC_MspDeInit	0	static
C:/TouchGFXProjects/paleo_scan/Core/Src/stm32f4xx_hal_msp.c:135:6:HAL_DMA2D_MspInit	16	static
C:/TouchGFXProjects/paleo_scan/Core/Src/stm32f4xx_hal_msp.c:160:6:HAL_DMA2D_MspDeInit	0	static
C:/TouchGFXProjects/paleo_scan/Core/Src/stm32f4xx_hal_msp.c:185:6:HAL_DSI_MspInit	40	static
C:/TouchGFXProjects/paleo_scan/Core/Src/stm32f4xx_hal_msp.c:223:6:HAL_DSI_MspDeInit	8	static
C:/TouchGFXProjects/paleo_scan/Core/Src/stm32f4xx_hal_msp.c:253:6:HAL_I2C_MspInit	48	static
C:/TouchGFXProjects/paleo_scan/Core/Src/stm32f4xx_hal_msp.c:296:6:HAL_I2C_MspDeInit	8	static
C:/TouchGFXProjects/paleo_scan/Core/Src/stm32f4xx_hal_msp.c:327:6:HAL_LTDC_MspInit	72	static
C:/TouchGFXProjects/paleo_scan/Core/Src/stm32f4xx_hal_msp.c:365:6:HAL_LTDC_MspDeInit	0	static
C:/TouchGFXProjects/paleo_scan/Core/Src/stm32f4xx_hal_msp.c:390:6:HAL_QSPI_MspInit	56	static
C:/TouchGFXProjects/paleo_scan/Core/Src/stm32f4xx_hal_msp.c:445:6:HAL_QSPI_MspDeInit	8	static
C:/TouchGFXProjects/paleo_scan/Core/Src/stm32f4xx_hal_msp.c:481:6:HAL_TIM_Base_MspInit	24	static
C:/TouchGFXProjects/paleo_scan/Core/Src/stm32f4xx_hal_msp.c:517:6:HAL_TIM_MspPostInit	32	static
C:/TouchGFXProjects/paleo_scan/Core/Src/stm32f4xx_hal_msp.c:549:6:HAL_TIM_Base_MspDeInit	0	static
C:/TouchGFXProjects/paleo_scan/Core/Src/stm32f4xx_hal_msp.c:704:6:HAL_SDRAM_MspInit	48	static
C:/TouchGFXProjects/paleo_scan/Core/Src/stm32f4xx_hal_msp.c:813:6:HAL_SDRAM_MspDeInit	8	static
