C:/TouchGFXProjects/button_pressed/Drivers/BSP/STM32469I-Discovery/stm32469i_discovery_qspi.c:726:16:QSPI_AutoPollingMemReady.constprop	88	static
C:/TouchGFXProjects/button_pressed/Drivers/BSP/STM32469I-Discovery/stm32469i_discovery_qspi.c:681:16:QSPI_WriteEnable.constprop	88	static
C:/TouchGFXProjects/button_pressed/Drivers/BSP/STM32469I-Discovery/stm32469i_discovery_qspi.c:189:9:BSP_QSPI_Read	72	static
C:/TouchGFXProjects/button_pressed/Drivers/BSP/STM32469I-Discovery/stm32469i_discovery_qspi.c:235:9:BSP_QSPI_Write	80	static
C:/TouchGFXProjects/button_pressed/Drivers/BSP/STM32469I-Discovery/stm32469i_discovery_qspi.c:309:9:BSP_QSPI_Erase_Block	64	static
C:/TouchGFXProjects/button_pressed/Drivers/BSP/STM32469I-Discovery/stm32469i_discovery_qspi.c:351:9:BSP_QSPI_Erase_Chip	64	static
C:/TouchGFXProjects/button_pressed/Drivers/BSP/STM32469I-Discovery/stm32469i_discovery_qspi.c:391:9:BSP_QSPI_GetStatus	72	static
C:/TouchGFXProjects/button_pressed/Drivers/BSP/STM32469I-Discovery/stm32469i_discovery_qspi.c:444:9:BSP_QSPI_GetInfo	0	static
C:/TouchGFXProjects/button_pressed/Drivers/BSP/STM32469I-Discovery/stm32469i_discovery_qspi.c:460:9:BSP_QSPI_EnableMemoryMappedMode	72	static
C:/TouchGFXProjects/button_pressed/Drivers/BSP/STM32469I-Discovery/stm32469i_discovery_qspi.c:503:13:BSP_QSPI_MspInit	48	static
C:/TouchGFXProjects/button_pressed/Drivers/BSP/STM32469I-Discovery/stm32469i_discovery_qspi.c:118:9:BSP_QSPI_Init	88	static,ignoring_inline_asm
C:/TouchGFXProjects/button_pressed/Drivers/BSP/STM32469I-Discovery/stm32469i_discovery_qspi.c:555:13:BSP_QSPI_MspDeInit	8	static
C:/TouchGFXProjects/button_pressed/Drivers/BSP/STM32469I-Discovery/stm32469i_discovery_qspi.c:166:9:BSP_QSPI_DeInit	16	static
