../../Middlewares/ST/touchgfx/framework/include/touchgfx/Screen.hpp:104:18:virtual void touchgfx::Screen::afterTransition()	0	static
../../Middlewares/ST/touchgfx/framework/include/touchgfx/Screen.hpp:144:18:virtual void touchgfx::Screen::handleTickEvent()	0	static
../../Middlewares/ST/touchgfx/framework/include/touchgfx/Screen.hpp:154:18:virtual void touchgfx::Screen::handleKeyEvent(uint8_t)	0	static
../../TouchGFX/gui/include/gui/automatic_screen/AutomaticView.hpp:11:13:AutomaticView::~AutomaticView()	0	static
C:/TouchGFXProjects/paleo_acan/TouchGFX/gui/src/automatic_screen/AutomaticView.cpp:13:6:virtual void AutomaticView::tearDownScreen()	0	static
C:/TouchGFXProjects/paleo_acan/TouchGFX/gui/src/automatic_screen/AutomaticView.cpp:8:6:virtual void AutomaticView::setupScreen()	0	static
../../TouchGFX/gui/include/gui/automatic_screen/AutomaticView.hpp:11:13:virtual AutomaticView::~AutomaticView()	8	static
C:/TouchGFXProjects/paleo_acan/TouchGFX/gui/src/automatic_screen/AutomaticView.cpp:3:1:AutomaticView::AutomaticView()	8	static
