../../Middlewares/ST/touchgfx/framework/include/touchgfx/Screen.hpp:104:18:virtual void touchgfx::Screen::afterTransition()	0	static
../../Middlewares/ST/touchgfx/framework/include/touchgfx/Screen.hpp:144:18:virtual void touchgfx::Screen::handleTickEvent()	0	static
../../Middlewares/ST/touchgfx/framework/include/touchgfx/Screen.hpp:154:18:virtual void touchgfx::Screen::handleKeyEvent(uint8_t)	0	static
../../TouchGFX/gui/include/gui/manual_screen/ManualView.hpp:11:13:ManualView::~ManualView()	0	static
C:/TouchGFXProjects/paleo_acan/TouchGFX/gui/src/manual_screen/ManualView.cpp:39:6:virtual void ManualView::tearDownScreen()	0	static
C:/TouchGFXProjects/paleo_acan/TouchGFX/gui/src/manual_screen/ManualView.cpp:34:6:virtual void ManualView::setupScreen()	0	static
../../TouchGFX/gui/include/gui/manual_screen/ManualView.hpp:11:13:virtual ManualView::~ManualView()	8	static
C:/TouchGFXProjects/paleo_acan/TouchGFX/gui/src/manual_screen/ManualView.cpp:4:1:ManualView::ManualView()	8	static
C:/TouchGFXProjects/paleo_acan/TouchGFX/gui/src/manual_screen/ManualView.cpp:9:6:void motor(int)	8	static
C:/TouchGFXProjects/paleo_acan/TouchGFX/gui/src/manual_screen/ManualView.cpp:27:6:void rodar()	8	static
C:/TouchGFXProjects/paleo_acan/TouchGFX/gui/src/manual_screen/ManualView.cpp:44:6:virtual void ManualView::capture()	0	static
