C:/TouchGFXProjects/Send_data/Core/Src/main.c:740:6:StartDefaultTask	8	static
C:/TouchGFXProjects/Send_data/Core/Src/main.c:100:6:f_minus1	0	static
C:/TouchGFXProjects/Send_data/Core/Src/main.c:104:6:f_plus1	0	static
C:/TouchGFXProjects/Send_data/Core/Src/main.c:108:6:f_start1	16	static
C:/TouchGFXProjects/Send_data/Core/Src/main.c:214:6:SystemClock_Config	96	static
C:/TouchGFXProjects/Send_data/Core/Src/main.c:125:5:main	248	static
C:/TouchGFXProjects/Send_data/Core/Src/main.c:759:6:HAL_TIM_PeriodElapsedCallback	0	static
C:/TouchGFXProjects/Send_data/Core/Src/main.c:776:6:Error_Handler	0	static
