C:/TouchGFXProjects/super_LED/Core/Src/main.c:817:6:StartDefaultTask	8	static
C:/TouchGFXProjects/super_LED/Core/Src/main.c:107:6:pwm_on	0	static
C:/TouchGFXProjects/super_LED/Core/Src/main.c:111:6:pwm_off	0	static
C:/TouchGFXProjects/super_LED/Core/Src/main.c:210:6:SystemClock_Config	96	static
C:/TouchGFXProjects/super_LED/Core/Src/main.c:121:5:main	248	static
C:/TouchGFXProjects/super_LED/Core/Src/main.c:836:6:HAL_TIM_PeriodElapsedCallback	0	static
C:/TouchGFXProjects/super_LED/Core/Src/main.c:853:6:Error_Handler	0	static
