23:28:52 **** Incremental Build of configuration Debug for project STM32F469I-DISCO ****
make -j8 all 
arm-none-eabi-g++ "C:/TouchGFXProjects/delay_screen/TouchGFX/gui/src/screen1_screen/Screen1View.cpp" -mcpu=cortex-m4 -std=gnu++14 -g3 -DUSE_HAL_DRIVER -DSTM32F469xx -DDEBUG -c -I../../Core/Inc -I../../Drivers/CMSIS/Include -I../../TouchGFX/target -I../../Drivers/CMSIS/Device/ST/STM32F4xx/Include -I../../TouchGFX/App -I../../Middlewares/Third_Party/FreeRTOS/Source/CMSIS_RTOS_V2 -I../../TouchGFX/target/generated -I../../Drivers/BSP/Components/Common -I../../Middlewares/Third_Party/FreeRTOS/Source/include -I../../Drivers/STM32F4xx_HAL_Driver/Inc/Legacy -I../../Middlewares/Third_Party/FreeRTOS/Source/portable/GCC/ARM_CM4F -I../../Drivers/BSP/STM32469I-Discovery -I../../Drivers/STM32F4xx_HAL_Driver/Inc -I../../Middlewares/ST/touchgfx/framework/include -I../../TouchGFX/generated/fonts/include -I../../TouchGFX/generated/gui_generated/include -I../../TouchGFX/generated/images/include -I../../TouchGFX/generated/texts/include -I../../TouchGFX/gui/include -I../../TouchGFX/generated/videos/include -Os -ffunction-sections -fdata-sections -fno-exceptions -fno-rtti -fno-use-cxa-atexit -Wall -femit-class-debug-always -fstack-usage -MMD -MP -MF"Application/User/gui/Screen1View.d" -MT"Application/User/gui/Screen1View.o" --specs=nano.specs -mfpu=fpv4-sp-d16 -mfloat-abi=hard -mthumb -o "Application/User/gui/Screen1View.o"
In file included from ../../Core/Inc/stm32f4xx_hal_conf.h:403,
                 from ../../Drivers/STM32F4xx_HAL_Driver/Inc/stm32f4xx_hal.h:29,
                 from ../../Core/Inc/main.h:31,
                 from C:/TouchGFXProjects/delay_screen/TouchGFX/gui/src/screen1_screen/Screen1View.cpp:2:
C:/TouchGFXProjects/delay_screen/TouchGFX/gui/src/screen1_screen/Screen1View.cpp: In member function 'virtual void Screen1View::f()':
C:/TouchGFXProjects/delay_screen/TouchGFX/gui/src/screen1_screen/Screen1View.cpp:24:25: error: 'htim2' was not declared in this scope
   24 |  __HAL_TIM_SET_COUNTER(&htim2, 0);
      |                         ^~~~~
../../Drivers/STM32F4xx_HAL_Driver/Inc/stm32f4xx_hal_tim.h:1283:59: note: in definition of macro '__HAL_TIM_SET_COUNTER'
 1283 | #define __HAL_TIM_SET_COUNTER(__HANDLE__, __COUNTER__)  ((__HANDLE__)->Instance->CNT = (__COUNTER__))
      |                                                           ^~~~~~~~~~
make: *** [Application/User/gui/subdir.mk:34: Application/User/gui/Screen1View.o] Error 1
"make -j8 all" terminated with exit code 2. Build might be incomplete.
23:44:17 **** Incremental Build of configuration Debug for project STM32F469I-DISCO ****
make -j8 all 
arm-none-eabi-g++ "C:/TouchGFXProjects/delay_screen/TouchGFX/gui/src/screen1_screen/Screen1View.cpp" -mcpu=cortex-m4 -std=gnu++14 -g3 -DUSE_HAL_DRIVER -DSTM32F469xx -DDEBUG -c -I../../Core/Inc -I../../Drivers/CMSIS/Include -I../../TouchGFX/target -I../../Drivers/CMSIS/Device/ST/STM32F4xx/Include -I../../TouchGFX/App -I../../Middlewares/Third_Party/FreeRTOS/Source/CMSIS_RTOS_V2 -I../../TouchGFX/target/generated -I../../Drivers/BSP/Components/Common -I../../Middlewares/Third_Party/FreeRTOS/Source/include -I../../Drivers/STM32F4xx_HAL_Driver/Inc/Legacy -I../../Middlewares/Third_Party/FreeRTOS/Source/portable/GCC/ARM_CM4F -I../../Drivers/BSP/STM32469I-Discovery -I../../Drivers/STM32F4xx_HAL_Driver/Inc -I../../Middlewares/ST/touchgfx/framework/include -I../../TouchGFX/generated/fonts/include -I../../TouchGFX/generated/gui_generated/include -I../../TouchGFX/generated/images/include -I../../TouchGFX/generated/texts/include -I../../TouchGFX/gui/include -I../../TouchGFX/generated/videos/include -Os -ffunction-sections -fdata-sections -fno-exceptions -fno-rtti -fno-use-cxa-atexit -Wall -femit-class-debug-always -fstack-usage -MMD -MP -MF"Application/User/gui/Screen1View.d" -MT"Application/User/gui/Screen1View.o" --specs=nano.specs -mfpu=fpv4-sp-d16 -mfloat-abi=hard -mthumb -o "Application/User/gui/Screen1View.o"
arm-none-eabi-gcc "C:/TouchGFXProjects/delay_screen/Core/Src/main.c" -mcpu=cortex-m4 -std=gnu11 -g3 -DUSE_HAL_DRIVER -DSTM32F469xx -DDEBUG -c -I../../Core/Inc -I../../Drivers/CMSIS/Include -I../../TouchGFX/target -I../../Drivers/CMSIS/Device/ST/STM32F4xx/Include -I../../TouchGFX/App -I../../Middlewares/Third_Party/FreeRTOS/Source/CMSIS_RTOS_V2 -I../../TouchGFX/target/generated -I../../Drivers/BSP/Components/Common -I../../Middlewares/Third_Party/FreeRTOS/Source/include -I../../Drivers/STM32F4xx_HAL_Driver/Inc/Legacy -I../../Middlewares/Third_Party/FreeRTOS/Source/portable/GCC/ARM_CM4F -I../../Drivers/BSP/STM32469I-Discovery -I../../Drivers/STM32F4xx_HAL_Driver/Inc -I../../Middlewares/ST/touchgfx/framework/include -I../../TouchGFX/generated/fonts/include -I../../TouchGFX/generated/gui_generated/include -I../../TouchGFX/generated/images/include -I../../TouchGFX/generated/texts/include -I../../TouchGFX/gui/include -I../../TouchGFX/generated/videos/include -Os -ffunction-sections -fdata-sections -Wall -fstack-usage -MMD -MP -MF"Application/User/main.d" -MT"Application/User/main.o" --specs=nano.specs -mfpu=fpv4-sp-d16 -mfloat-abi=hard -mthumb -o "Application/User/main.o"
arm-none-eabi-g++ -o "STM32F469I-DISCO.elf" @"objects.list"  -l:libtouchgfx-float-abi-hard.a -mcpu=cortex-m4 -T"C:\TouchGFXProjects\delay_screen\STM32CubeIDE\STM32F469NIHX_FLASH.ld" --specs=nosys.specs -Wl,-Map="STM32F469I-DISCO.map" -Wl,--gc-sections -static -LC:/git/STM32F469-dk/stm32f469i_disco/STM32F469I-DISCO/Middlewares/ST/touchgfx/lib/core/cortex_m4f/gcc -LC:/git/stm32f469i_disco/STM32F469I-DISCO/Middlewares/ST/touchgfx/lib/core/cortex_m4f/gcc -LC:/TouchGFXProjects/delay_screen/Middlewares/ST/touchgfx/lib/core/cortex_m4f/gcc --specs=nano.specs -mfpu=fpv4-sp-d16 -mfloat-abi=hard -mthumb -Wl,--start-group -lc -lm -lstdc++ -lsupc++ -Wl,--end-group
c:\st\stm32cubeide_1.9.0\stm32cubeide\plugins\com.st.stm32cube.ide.mcu.externaltools.gnu-tools-for-stm32.10.3-2021.10.win32_1.0.0.202111181127\tools\arm-none-eabi\bin\ld.exe: ./Application/User/main.o: in function `main':
C:/TouchGFXProjects/delay_screen/Core/Src/main.c:113: undefined reference to `DWT_Init'
c:\st\stm32cubeide_1.9.0\stm32cubeide\plugins\com.st.stm32cube.ide.mcu.externaltools.gnu-tools-for-stm32.10.3-2021.10.win32_1.0.0.202111181127\tools\arm-none-eabi\bin\ld.exe: ./Application/User/gui/Screen1View.o: in function `Screen1View::f()':
C:/TouchGFXProjects/delay_screen/TouchGFX/gui/src/screen1_screen/Screen1View.cpp:29: undefined reference to `DWT_Delay(unsigned long)'
c:\st\stm32cubeide_1.9.0\stm32cubeide\plugins\com.st.stm32cube.ide.mcu.externaltools.gnu-tools-for-stm32.10.3-2021.10.win32_1.0.0.202111181127\tools\arm-none-eabi\bin\ld.exe: C:/TouchGFXProjects/delay_screen/TouchGFX/gui/src/screen1_screen/Screen1View.cpp:31: undefined reference to `DWT_Delay(unsigned long)'
collect2.exe: error: ld returned 1 exit status
make: *** [makefile:91: STM32F469I-DISCO.elf] Error 1
"make -j8 all" terminated with exit code 2. Build might be incomplete.
23:45:58 **** Incremental Build of configuration Debug for project STM32F469I-DISCO ****
make -j8 all 
arm-none-eabi-gcc "C:/TouchGFXProjects/delay_screen/Core/Src/main.c" -mcpu=cortex-m4 -std=gnu11 -g3 -DUSE_HAL_DRIVER -DSTM32F469xx -DDEBUG -c -I../../Core/Inc -I../../Drivers/CMSIS/Include -I../../TouchGFX/target -I../../Drivers/CMSIS/Device/ST/STM32F4xx/Include -I../../TouchGFX/App -I../../Middlewares/Third_Party/FreeRTOS/Source/CMSIS_RTOS_V2 -I../../TouchGFX/target/generated -I../../Drivers/BSP/Components/Common -I../../Middlewares/Third_Party/FreeRTOS/Source/include -I../../Drivers/STM32F4xx_HAL_Driver/Inc/Legacy -I../../Middlewares/Third_Party/FreeRTOS/Source/portable/GCC/ARM_CM4F -I../../Drivers/BSP/STM32469I-Discovery -I../../Drivers/STM32F4xx_HAL_Driver/Inc -I../../Middlewares/ST/touchgfx/framework/include -I../../TouchGFX/generated/fonts/include -I../../TouchGFX/generated/gui_generated/include -I../../TouchGFX/generated/images/include -I../../TouchGFX/generated/texts/include -I../../TouchGFX/gui/include -I../../TouchGFX/generated/videos/include -Os -ffunction-sections -fdata-sections -Wall -fstack-usage -MMD -MP -MF"Application/User/main.d" -MT"Application/User/main.o" --specs=nano.specs -mfpu=fpv4-sp-d16 -mfloat-abi=hard -mthumb -o "Application/User/main.o"
arm-none-eabi-g++ -o "STM32F469I-DISCO.elf" @"objects.list"  -l:libtouchgfx-float-abi-hard.a -mcpu=cortex-m4 -T"C:\TouchGFXProjects\delay_screen\STM32CubeIDE\STM32F469NIHX_FLASH.ld" --specs=nosys.specs -Wl,-Map="STM32F469I-DISCO.map" -Wl,--gc-sections -static -LC:/git/STM32F469-dk/stm32f469i_disco/STM32F469I-DISCO/Middlewares/ST/touchgfx/lib/core/cortex_m4f/gcc -LC:/git/stm32f469i_disco/STM32F469I-DISCO/Middlewares/ST/touchgfx/lib/core/cortex_m4f/gcc -LC:/TouchGFXProjects/delay_screen/Middlewares/ST/touchgfx/lib/core/cortex_m4f/gcc --specs=nano.specs -mfpu=fpv4-sp-d16 -mfloat-abi=hard -mthumb -Wl,--start-group -lc -lm -lstdc++ -lsupc++ -Wl,--end-group
c:\st\stm32cubeide_1.9.0\stm32cubeide\plugins\com.st.stm32cube.ide.mcu.externaltools.gnu-tools-for-stm32.10.3-2021.10.win32_1.0.0.202111181127\tools\arm-none-eabi\bin\ld.exe: ./Application/User/main.o: in function `main':
C:/TouchGFXProjects/delay_screen/Core/Src/main.c:146: undefined reference to `DWT_Init'
c:\st\stm32cubeide_1.9.0\stm32cubeide\plugins\com.st.stm32cube.ide.mcu.externaltools.gnu-tools-for-stm32.10.3-2021.10.win32_1.0.0.202111181127\tools\arm-none-eabi\bin\ld.exe: ./Application/User/gui/Screen1View.o: in function `Screen1View::f()':
C:/TouchGFXProjects/delay_screen/TouchGFX/gui/src/screen1_screen/Screen1View.cpp:29: undefined reference to `DWT_Delay(unsigned long)'
c:\st\stm32cubeide_1.9.0\stm32cubeide\plugins\com.st.stm32cube.ide.mcu.externaltools.gnu-tools-for-stm32.10.3-2021.10.win32_1.0.0.202111181127\tools\arm-none-eabi\bin\ld.exe: C:/TouchGFXProjects/delay_screen/TouchGFX/gui/src/screen1_screen/Screen1View.cpp:31: undefined reference to `DWT_Delay(unsigned long)'
collect2.exe: error: ld returned 1 exit status
make: *** [makefile:91: STM32F469I-DISCO.elf] Error 1
"make -j8 all" terminated with exit code 2. Build might be incomplete.
23:46:39 **** Incremental Build of configuration Debug for project STM32F469I-DISCO ****
make -j8 all 
arm-none-eabi-gcc "C:/TouchGFXProjects/delay_screen/Core/Src/main.c" -mcpu=cortex-m4 -std=gnu11 -g3 -DUSE_HAL_DRIVER -DSTM32F469xx -DDEBUG -c -I../../Core/Inc -I../../Drivers/CMSIS/Include -I../../TouchGFX/target -I../../Drivers/CMSIS/Device/ST/STM32F4xx/Include -I../../TouchGFX/App -I../../Middlewares/Third_Party/FreeRTOS/Source/CMSIS_RTOS_V2 -I../../TouchGFX/target/generated -I../../Drivers/BSP/Components/Common -I../../Middlewares/Third_Party/FreeRTOS/Source/include -I../../Drivers/STM32F4xx_HAL_Driver/Inc/Legacy -I../../Middlewares/Third_Party/FreeRTOS/Source/portable/GCC/ARM_CM4F -I../../Drivers/BSP/STM32469I-Discovery -I../../Drivers/STM32F4xx_HAL_Driver/Inc -I../../Middlewares/ST/touchgfx/framework/include -I../../TouchGFX/generated/fonts/include -I../../TouchGFX/generated/gui_generated/include -I../../TouchGFX/generated/images/include -I../../TouchGFX/generated/texts/include -I../../TouchGFX/gui/include -I../../TouchGFX/generated/videos/include -Os -ffunction-sections -fdata-sections -Wall -fstack-usage -MMD -MP -MF"Application/User/main.d" -MT"Application/User/main.o" --specs=nano.specs -mfpu=fpv4-sp-d16 -mfloat-abi=hard -mthumb -o "Application/User/main.o"
arm-none-eabi-g++ -o "STM32F469I-DISCO.elf" @"objects.list"  -l:libtouchgfx-float-abi-hard.a -mcpu=cortex-m4 -T"C:\TouchGFXProjects\delay_screen\STM32CubeIDE\STM32F469NIHX_FLASH.ld" --specs=nosys.specs -Wl,-Map="STM32F469I-DISCO.map" -Wl,--gc-sections -static -LC:/git/STM32F469-dk/stm32f469i_disco/STM32F469I-DISCO/Middlewares/ST/touchgfx/lib/core/cortex_m4f/gcc -LC:/git/stm32f469i_disco/STM32F469I-DISCO/Middlewares/ST/touchgfx/lib/core/cortex_m4f/gcc -LC:/TouchGFXProjects/delay_screen/Middlewares/ST/touchgfx/lib/core/cortex_m4f/gcc --specs=nano.specs -mfpu=fpv4-sp-d16 -mfloat-abi=hard -mthumb -Wl,--start-group -lc -lm -lstdc++ -lsupc++ -Wl,--end-group
c:\st\stm32cubeide_1.9.0\stm32cubeide\plugins\com.st.stm32cube.ide.mcu.externaltools.gnu-tools-for-stm32.10.3-2021.10.win32_1.0.0.202111181127\tools\arm-none-eabi\bin\ld.exe: ./Application/User/main.o: in function `main':
C:/TouchGFXProjects/delay_screen/Core/Src/main.c:146: undefined reference to `DWT_Init'
c:\st\stm32cubeide_1.9.0\stm32cubeide\plugins\com.st.stm32cube.ide.mcu.externaltools.gnu-tools-for-stm32.10.3-2021.10.win32_1.0.0.202111181127\tools\arm-none-eabi\bin\ld.exe: ./Application/User/gui/Screen1View.o: in function `Screen1View::f()':
C:/TouchGFXProjects/delay_screen/TouchGFX/gui/src/screen1_screen/Screen1View.cpp:29: undefined reference to `DWT_Delay(unsigned long)'
c:\st\stm32cubeide_1.9.0\stm32cubeide\plugins\com.st.stm32cube.ide.mcu.externaltools.gnu-tools-for-stm32.10.3-2021.10.win32_1.0.0.202111181127\tools\arm-none-eabi\bin\ld.exe: C:/TouchGFXProjects/delay_screen/TouchGFX/gui/src/screen1_screen/Screen1View.cpp:31: undefined reference to `DWT_Delay(unsigned long)'
collect2.exe: error: ld returned 1 exit status
make: *** [makefile:91: STM32F469I-DISCO.elf] Error 1
"make -j8 all" terminated with exit code 2. Build might be incomplete.
23:48:25 **** Incremental Build of configuration Debug for project STM32F469I-DISCO ****
make -j8 all 
arm-none-eabi-gcc "C:/TouchGFXProjects/delay_screen/Core/Src/main.c" -mcpu=cortex-m4 -std=gnu11 -g3 -DUSE_HAL_DRIVER -DSTM32F469xx -DDEBUG -c -I../../Core/Inc -I../../Drivers/CMSIS/Include -I../../TouchGFX/target -I../../Drivers/CMSIS/Device/ST/STM32F4xx/Include -I../../TouchGFX/App -I../../Middlewares/Third_Party/FreeRTOS/Source/CMSIS_RTOS_V2 -I../../TouchGFX/target/generated -I../../Drivers/BSP/Components/Common -I../../Middlewares/Third_Party/FreeRTOS/Source/include -I../../Drivers/STM32F4xx_HAL_Driver/Inc/Legacy -I../../Middlewares/Third_Party/FreeRTOS/Source/portable/GCC/ARM_CM4F -I../../Drivers/BSP/STM32469I-Discovery -I../../Drivers/STM32F4xx_HAL_Driver/Inc -I../../Middlewares/ST/touchgfx/framework/include -I../../TouchGFX/generated/fonts/include -I../../TouchGFX/generated/gui_generated/include -I../../TouchGFX/generated/images/include -I../../TouchGFX/generated/texts/include -I../../TouchGFX/gui/include -I../../TouchGFX/generated/videos/include -Os -ffunction-sections -fdata-sections -Wall -fstack-usage -MMD -MP -MF"Application/User/main.d" -MT"Application/User/main.o" --specs=nano.specs -mfpu=fpv4-sp-d16 -mfloat-abi=hard -mthumb -o "Application/User/main.o"
arm-none-eabi-g++ -o "STM32F469I-DISCO.elf" @"objects.list"  -l:libtouchgfx-float-abi-hard.a -mcpu=cortex-m4 -T"C:\TouchGFXProjects\delay_screen\STM32CubeIDE\STM32F469NIHX_FLASH.ld" --specs=nosys.specs -Wl,-Map="STM32F469I-DISCO.map" -Wl,--gc-sections -static -LC:/git/STM32F469-dk/stm32f469i_disco/STM32F469I-DISCO/Middlewares/ST/touchgfx/lib/core/cortex_m4f/gcc -LC:/git/stm32f469i_disco/STM32F469I-DISCO/Middlewares/ST/touchgfx/lib/core/cortex_m4f/gcc -LC:/TouchGFXProjects/delay_screen/Middlewares/ST/touchgfx/lib/core/cortex_m4f/gcc --specs=nano.specs -mfpu=fpv4-sp-d16 -mfloat-abi=hard -mthumb -Wl,--start-group -lc -lm -lstdc++ -lsupc++ -Wl,--end-group
c:\st\stm32cubeide_1.9.0\stm32cubeide\plugins\com.st.stm32cube.ide.mcu.externaltools.gnu-tools-for-stm32.10.3-2021.10.win32_1.0.0.202111181127\tools\arm-none-eabi\bin\ld.exe: ./Application/User/main.o: in function `main':
C:/TouchGFXProjects/delay_screen/Core/Src/main.c:122: undefined reference to `DWT_Init'
c:\st\stm32cubeide_1.9.0\stm32cubeide\plugins\com.st.stm32cube.ide.mcu.externaltools.gnu-tools-for-stm32.10.3-2021.10.win32_1.0.0.202111181127\tools\arm-none-eabi\bin\ld.exe: ./Application/User/gui/Screen1View.o: in function `Screen1View::f()':
C:/TouchGFXProjects/delay_screen/TouchGFX/gui/src/screen1_screen/Screen1View.cpp:29: undefined reference to `DWT_Delay(unsigned long)'
c:\st\stm32cubeide_1.9.0\stm32cubeide\plugins\com.st.stm32cube.ide.mcu.externaltools.gnu-tools-for-stm32.10.3-2021.10.win32_1.0.0.202111181127\tools\arm-none-eabi\bin\ld.exe: C:/TouchGFXProjects/delay_screen/TouchGFX/gui/src/screen1_screen/Screen1View.cpp:31: undefined reference to `DWT_Delay(unsigned long)'
collect2.exe: error: ld returned 1 exit status
make: *** [makefile:91: STM32F469I-DISCO.elf] Error 1
"make -j8 all" terminated with exit code 2. Build might be incomplete.
23:56:41 **** Incremental Build of configuration Debug for project STM32F469I-DISCO ****
make -j8 all 
arm-none-eabi-g++ "C:/TouchGFXProjects/delay_screen/TouchGFX/gui/src/screen1_screen/Screen1View.cpp" -mcpu=cortex-m4 -std=gnu++14 -g3 -DUSE_HAL_DRIVER -DSTM32F469xx -DDEBUG -c -I../../Core/Inc -I../../Drivers/CMSIS/Include -I../../TouchGFX/target -I../../Drivers/CMSIS/Device/ST/STM32F4xx/Include -I../../TouchGFX/App -I../../Middlewares/Third_Party/FreeRTOS/Source/CMSIS_RTOS_V2 -I../../TouchGFX/target/generated -I../../Drivers/BSP/Components/Common -I../../Middlewares/Third_Party/FreeRTOS/Source/include -I../../Drivers/STM32F4xx_HAL_Driver/Inc/Legacy -I../../Middlewares/Third_Party/FreeRTOS/Source/portable/GCC/ARM_CM4F -I../../Drivers/BSP/STM32469I-Discovery -I../../Drivers/STM32F4xx_HAL_Driver/Inc -I../../Middlewares/ST/touchgfx/framework/include -I../../TouchGFX/generated/fonts/include -I../../TouchGFX/generated/gui_generated/include -I../../TouchGFX/generated/images/include -I../../TouchGFX/generated/texts/include -I../../TouchGFX/gui/include -I../../TouchGFX/generated/videos/include -Os -ffunction-sections -fdata-sections -fno-exceptions -fno-rtti -fno-use-cxa-atexit -Wall -femit-class-debug-always -fstack-usage -MMD -MP -MF"Application/User/gui/Screen1View.d" -MT"Application/User/gui/Screen1View.o" --specs=nano.specs -mfpu=fpv4-sp-d16 -mfloat-abi=hard -mthumb -o "Application/User/gui/Screen1View.o"
arm-none-eabi-g++ "C:/TouchGFXProjects/delay_screen/TouchGFX/target/TouchGFXGPIO.cpp" -mcpu=cortex-m4 -std=gnu++14 -g3 -DUSE_HAL_DRIVER -DSTM32F469xx -DDEBUG -c -I../../Core/Inc -I../../Drivers/CMSIS/Include -I../../TouchGFX/target -I../../Drivers/CMSIS/Device/ST/STM32F4xx/Include -I../../TouchGFX/App -I../../Middlewares/Third_Party/FreeRTOS/Source/CMSIS_RTOS_V2 -I../../TouchGFX/target/generated -I../../Drivers/BSP/Components/Common -I../../Middlewares/Third_Party/FreeRTOS/Source/include -I../../Drivers/STM32F4xx_HAL_Driver/Inc/Legacy -I../../Middlewares/Third_Party/FreeRTOS/Source/portable/GCC/ARM_CM4F -I../../Drivers/BSP/STM32469I-Discovery -I../../Drivers/STM32F4xx_HAL_Driver/Inc -I../../Middlewares/ST/touchgfx/framework/include -I../../TouchGFX/generated/fonts/include -I../../TouchGFX/generated/gui_generated/include -I../../TouchGFX/generated/images/include -I../../TouchGFX/generated/texts/include -I../../TouchGFX/gui/include -I../../TouchGFX/generated/videos/include -Os -ffunction-sections -fdata-sections -fno-exceptions -fno-rtti -fno-use-cxa-atexit -Wall -femit-class-debug-always -fstack-usage -MMD -MP -MF"Application/User/TouchGFX/target/TouchGFXGPIO.d" -MT"Application/User/TouchGFX/target/TouchGFXGPIO.o" --specs=nano.specs -mfpu=fpv4-sp-d16 -mfloat-abi=hard -mthumb -o "Application/User/TouchGFX/target/TouchGFXGPIO.o"
arm-none-eabi-g++ "C:/TouchGFXProjects/delay_screen/TouchGFX/target/TouchGFXHAL.cpp" -mcpu=cortex-m4 -std=gnu++14 -g3 -DUSE_HAL_DRIVER -DSTM32F469xx -DDEBUG -c -I../../Core/Inc -I../../Drivers/CMSIS/Include -I../../TouchGFX/target -I../../Drivers/CMSIS/Device/ST/STM32F4xx/Include -I../../TouchGFX/App -I../../Middlewares/Third_Party/FreeRTOS/Source/CMSIS_RTOS_V2 -I../../TouchGFX/target/generated -I../../Drivers/BSP/Components/Common -I../../Middlewares/Third_Party/FreeRTOS/Source/include -I../../Drivers/STM32F4xx_HAL_Driver/Inc/Legacy -I../../Middlewares/Third_Party/FreeRTOS/Source/portable/GCC/ARM_CM4F -I../../Drivers/BSP/STM32469I-Discovery -I../../Drivers/STM32F4xx_HAL_Driver/Inc -I../../Middlewares/ST/touchgfx/framework/include -I../../TouchGFX/generated/fonts/include -I../../TouchGFX/generated/gui_generated/include -I../../TouchGFX/generated/images/include -I../../TouchGFX/generated/texts/include -I../../TouchGFX/gui/include -I../../TouchGFX/generated/videos/include -Os -ffunction-sections -fdata-sections -fno-exceptions -fno-rtti -fno-use-cxa-atexit -Wall -femit-class-debug-always -fstack-usage -MMD -MP -MF"Application/User/TouchGFX/target/TouchGFXHAL.d" -MT"Application/User/TouchGFX/target/TouchGFXHAL.o" --specs=nano.specs -mfpu=fpv4-sp-d16 -mfloat-abi=hard -mthumb -o "Application/User/TouchGFX/target/TouchGFXHAL.o"
arm-none-eabi-gcc "C:/TouchGFXProjects/delay_screen/Core/Src/freertos.c" -mcpu=cortex-m4 -std=gnu11 -g3 -DUSE_HAL_DRIVER -DSTM32F469xx -DDEBUG -c -I../../Core/Inc -I../../Drivers/CMSIS/Include -I../../TouchGFX/target -I../../Drivers/CMSIS/Device/ST/STM32F4xx/Include -I../../TouchGFX/App -I../../Middlewares/Third_Party/FreeRTOS/Source/CMSIS_RTOS_V2 -I../../TouchGFX/target/generated -I../../Drivers/BSP/Components/Common -I../../Middlewares/Third_Party/FreeRTOS/Source/include -I../../Drivers/STM32F4xx_HAL_Driver/Inc/Legacy -I../../Middlewares/Third_Party/FreeRTOS/Source/portable/GCC/ARM_CM4F -I../../Drivers/BSP/STM32469I-Discovery -I../../Drivers/STM32F4xx_HAL_Driver/Inc -I../../Middlewares/ST/touchgfx/framework/include -I../../TouchGFX/generated/fonts/include -I../../TouchGFX/generated/gui_generated/include -I../../TouchGFX/generated/images/include -I../../TouchGFX/generated/texts/include -I../../TouchGFX/gui/include -I../../TouchGFX/generated/videos/include -Os -ffunction-sections -fdata-sections -Wall -fstack-usage -MMD -MP -MF"Application/User/freertos.d" -MT"Application/User/freertos.o" --specs=nano.specs -mfpu=fpv4-sp-d16 -mfloat-abi=hard -mthumb -o "Application/User/freertos.o"
arm-none-eabi-gcc "C:/TouchGFXProjects/delay_screen/Core/Src/main.c" -mcpu=cortex-m4 -std=gnu11 -g3 -DUSE_HAL_DRIVER -DSTM32F469xx -DDEBUG -c -I../../Core/Inc -I../../Drivers/CMSIS/Include -I../../TouchGFX/target -I../../Drivers/CMSIS/Device/ST/STM32F4xx/Include -I../../TouchGFX/App -I../../Middlewares/Third_Party/FreeRTOS/Source/CMSIS_RTOS_V2 -I../../TouchGFX/target/generated -I../../Drivers/BSP/Components/Common -I../../Middlewares/Third_Party/FreeRTOS/Source/include -I../../Drivers/STM32F4xx_HAL_Driver/Inc/Legacy -I../../Middlewares/Third_Party/FreeRTOS/Source/portable/GCC/ARM_CM4F -I../../Drivers/BSP/STM32469I-Discovery -I../../Drivers/STM32F4xx_HAL_Driver/Inc -I../../Middlewares/ST/touchgfx/framework/include -I../../TouchGFX/generated/fonts/include -I../../TouchGFX/generated/gui_generated/include -I../../TouchGFX/generated/images/include -I../../TouchGFX/generated/texts/include -I../../TouchGFX/gui/include -I../../TouchGFX/generated/videos/include -Os -ffunction-sections -fdata-sections -Wall -fstack-usage -MMD -MP -MF"Application/User/main.d" -MT"Application/User/main.o" --specs=nano.specs -mfpu=fpv4-sp-d16 -mfloat-abi=hard -mthumb -o "Application/User/main.o"
arm-none-eabi-gcc "C:/TouchGFXProjects/delay_screen/Core/Src/stm32f4xx_hal_msp.c" -mcpu=cortex-m4 -std=gnu11 -g3 -DUSE_HAL_DRIVER -DSTM32F469xx -DDEBUG -c -I../../Core/Inc -I../../Drivers/CMSIS/Include -I../../TouchGFX/target -I../../Drivers/CMSIS/Device/ST/STM32F4xx/Include -I../../TouchGFX/App -I../../Middlewares/Third_Party/FreeRTOS/Source/CMSIS_RTOS_V2 -I../../TouchGFX/target/generated -I../../Drivers/BSP/Components/Common -I../../Middlewares/Third_Party/FreeRTOS/Source/include -I../../Drivers/STM32F4xx_HAL_Driver/Inc/Legacy -I../../Middlewares/Third_Party/FreeRTOS/Source/portable/GCC/ARM_CM4F -I../../Drivers/BSP/STM32469I-Discovery -I../../Drivers/STM32F4xx_HAL_Driver/Inc -I../../Middlewares/ST/touchgfx/framework/include -I../../TouchGFX/generated/fonts/include -I../../TouchGFX/generated/gui_generated/include -I../../TouchGFX/generated/images/include -I../../TouchGFX/generated/texts/include -I../../TouchGFX/gui/include -I../../TouchGFX/generated/videos/include -Os -ffunction-sections -fdata-sections -Wall -fstack-usage -MMD -MP -MF"Application/User/stm32f4xx_hal_msp.d" -MT"Application/User/stm32f4xx_hal_msp.o" --specs=nano.specs -mfpu=fpv4-sp-d16 -mfloat-abi=hard -mthumb -o "Application/User/stm32f4xx_hal_msp.o"
arm-none-eabi-gcc "C:/TouchGFXProjects/delay_screen/Core/Src/stm32f4xx_it.c" -mcpu=cortex-m4 -std=gnu11 -g3 -DUSE_HAL_DRIVER -DSTM32F469xx -DDEBUG -c -I../../Core/Inc -I../../Drivers/CMSIS/Include -I../../TouchGFX/target -I../../Drivers/CMSIS/Device/ST/STM32F4xx/Include -I../../TouchGFX/App -I../../Middlewares/Third_Party/FreeRTOS/Source/CMSIS_RTOS_V2 -I../../TouchGFX/target/generated -I../../Drivers/BSP/Components/Common -I../../Middlewares/Third_Party/FreeRTOS/Source/include -I../../Drivers/STM32F4xx_HAL_Driver/Inc/Legacy -I../../Middlewares/Third_Party/FreeRTOS/Source/portable/GCC/ARM_CM4F -I../../Drivers/BSP/STM32469I-Discovery -I../../Drivers/STM32F4xx_HAL_Driver/Inc -I../../Middlewares/ST/touchgfx/framework/include -I../../TouchGFX/generated/fonts/include -I../../TouchGFX/generated/gui_generated/include -I../../TouchGFX/generated/images/include -I../../TouchGFX/generated/texts/include -I../../TouchGFX/gui/include -I../../TouchGFX/generated/videos/include -Os -ffunction-sections -fdata-sections -Wall -fstack-usage -MMD -MP -MF"Application/User/stm32f4xx_it.d" -MT"Application/User/stm32f4xx_it.o" --specs=nano.specs -mfpu=fpv4-sp-d16 -mfloat-abi=hard -mthumb -o "Application/User/stm32f4xx_it.o"
arm-none-eabi-g++ -o "STM32F469I-DISCO.elf" @"objects.list"  -l:libtouchgfx-float-abi-hard.a -mcpu=cortex-m4 -T"C:\TouchGFXProjects\delay_screen\STM32CubeIDE\STM32F469NIHX_FLASH.ld" --specs=nosys.specs -Wl,-Map="STM32F469I-DISCO.map" -Wl,--gc-sections -static -LC:/git/STM32F469-dk/stm32f469i_disco/STM32F469I-DISCO/Middlewares/ST/touchgfx/lib/core/cortex_m4f/gcc -LC:/git/stm32f469i_disco/STM32F469I-DISCO/Middlewares/ST/touchgfx/lib/core/cortex_m4f/gcc -LC:/TouchGFXProjects/delay_screen/Middlewares/ST/touchgfx/lib/core/cortex_m4f/gcc --specs=nano.specs -mfpu=fpv4-sp-d16 -mfloat-abi=hard -mthumb -Wl,--start-group -lc -lm -lstdc++ -lsupc++ -Wl,--end-group
c:\st\stm32cubeide_1.9.0\stm32cubeide\plugins\com.st.stm32cube.ide.mcu.externaltools.gnu-tools-for-stm32.10.3-2021.10.win32_1.0.0.202111181127\tools\arm-none-eabi\bin\ld.exe: ./Application/User/main.o: in function `main':
C:/TouchGFXProjects/delay_screen/Core/Src/main.c:122: undefined reference to `DWT_Init'
c:\st\stm32cubeide_1.9.0\stm32cubeide\plugins\com.st.stm32cube.ide.mcu.externaltools.gnu-tools-for-stm32.10.3-2021.10.win32_1.0.0.202111181127\tools\arm-none-eabi\bin\ld.exe: ./Application/User/gui/Screen1View.o: in function `Screen1View::f()':
C:/TouchGFXProjects/delay_screen/TouchGFX/gui/src/screen1_screen/Screen1View.cpp:29: undefined reference to `DWT_Delay'
c:\st\stm32cubeide_1.9.0\stm32cubeide\plugins\com.st.stm32cube.ide.mcu.externaltools.gnu-tools-for-stm32.10.3-2021.10.win32_1.0.0.202111181127\tools\arm-none-eabi\bin\ld.exe: C:/TouchGFXProjects/delay_screen/TouchGFX/gui/src/screen1_screen/Screen1View.cpp:31: undefined reference to `DWT_Delay'
collect2.exe: error: ld returned 1 exit status
make: *** [makefile:91: STM32F469I-DISCO.elf] Error 1
"make -j8 all" terminated with exit code 2. Build might be incomplete.
00:01:03 **** Incremental Build of configuration Debug for project STM32F469I-DISCO ****
make -j8 all 
arm-none-eabi-g++ "C:/TouchGFXProjects/delay_screen/TouchGFX/gui/src/screen1_screen/Screen1View.cpp" -mcpu=cortex-m4 -std=gnu++14 -g3 -DUSE_HAL_DRIVER -DSTM32F469xx -DDEBUG -c -I../../Core/Inc -I../../Drivers/CMSIS/Include -I../../TouchGFX/target -I../../Drivers/CMSIS/Device/ST/STM32F4xx/Include -I../../TouchGFX/App -I../../Middlewares/Third_Party/FreeRTOS/Source/CMSIS_RTOS_V2 -I../../TouchGFX/target/generated -I../../Drivers/BSP/Components/Common -I../../Middlewares/Third_Party/FreeRTOS/Source/include -I../../Drivers/STM32F4xx_HAL_Driver/Inc/Legacy -I../../Middlewares/Third_Party/FreeRTOS/Source/portable/GCC/ARM_CM4F -I../../Drivers/BSP/STM32469I-Discovery -I../../Drivers/STM32F4xx_HAL_Driver/Inc -I../../Middlewares/ST/touchgfx/framework/include -I../../TouchGFX/generated/fonts/include -I../../TouchGFX/generated/gui_generated/include -I../../TouchGFX/generated/images/include -I../../TouchGFX/generated/texts/include -I../../TouchGFX/gui/include -I../../TouchGFX/generated/videos/include -Os -ffunction-sections -fdata-sections -fno-exceptions -fno-rtti -fno-use-cxa-atexit -Wall -femit-class-debug-always -fstack-usage -MMD -MP -MF"Application/User/gui/Screen1View.d" -MT"Application/User/gui/Screen1View.o" --specs=nano.specs -mfpu=fpv4-sp-d16 -mfloat-abi=hard -mthumb -o "Application/User/gui/Screen1View.o"
arm-none-eabi-g++ "C:/TouchGFXProjects/delay_screen/TouchGFX/target/TouchGFXGPIO.cpp" -mcpu=cortex-m4 -std=gnu++14 -g3 -DUSE_HAL_DRIVER -DSTM32F469xx -DDEBUG -c -I../../Core/Inc -I../../Drivers/CMSIS/Include -I../../TouchGFX/target -I../../Drivers/CMSIS/Device/ST/STM32F4xx/Include -I../../TouchGFX/App -I../../Middlewares/Third_Party/FreeRTOS/Source/CMSIS_RTOS_V2 -I../../TouchGFX/target/generated -I../../Drivers/BSP/Components/Common -I../../Middlewares/Third_Party/FreeRTOS/Source/include -I../../Drivers/STM32F4xx_HAL_Driver/Inc/Legacy -I../../Middlewares/Third_Party/FreeRTOS/Source/portable/GCC/ARM_CM4F -I../../Drivers/BSP/STM32469I-Discovery -I../../Drivers/STM32F4xx_HAL_Driver/Inc -I../../Middlewares/ST/touchgfx/framework/include -I../../TouchGFX/generated/fonts/include -I../../TouchGFX/generated/gui_generated/include -I../../TouchGFX/generated/images/include -I../../TouchGFX/generated/texts/include -I../../TouchGFX/gui/include -I../../TouchGFX/generated/videos/include -Os -ffunction-sections -fdata-sections -fno-exceptions -fno-rtti -fno-use-cxa-atexit -Wall -femit-class-debug-always -fstack-usage -MMD -MP -MF"Application/User/TouchGFX/target/TouchGFXGPIO.d" -MT"Application/User/TouchGFX/target/TouchGFXGPIO.o" --specs=nano.specs -mfpu=fpv4-sp-d16 -mfloat-abi=hard -mthumb -o "Application/User/TouchGFX/target/TouchGFXGPIO.o"
arm-none-eabi-g++ "C:/TouchGFXProjects/delay_screen/TouchGFX/target/TouchGFXHAL.cpp" -mcpu=cortex-m4 -std=gnu++14 -g3 -DUSE_HAL_DRIVER -DSTM32F469xx -DDEBUG -c -I../../Core/Inc -I../../Drivers/CMSIS/Include -I../../TouchGFX/target -I../../Drivers/CMSIS/Device/ST/STM32F4xx/Include -I../../TouchGFX/App -I../../Middlewares/Third_Party/FreeRTOS/Source/CMSIS_RTOS_V2 -I../../TouchGFX/target/generated -I../../Drivers/BSP/Components/Common -I../../Middlewares/Third_Party/FreeRTOS/Source/include -I../../Drivers/STM32F4xx_HAL_Driver/Inc/Legacy -I../../Middlewares/Third_Party/FreeRTOS/Source/portable/GCC/ARM_CM4F -I../../Drivers/BSP/STM32469I-Discovery -I../../Drivers/STM32F4xx_HAL_Driver/Inc -I../../Middlewares/ST/touchgfx/framework/include -I../../TouchGFX/generated/fonts/include -I../../TouchGFX/generated/gui_generated/include -I../../TouchGFX/generated/images/include -I../../TouchGFX/generated/texts/include -I../../TouchGFX/gui/include -I../../TouchGFX/generated/videos/include -Os -ffunction-sections -fdata-sections -fno-exceptions -fno-rtti -fno-use-cxa-atexit -Wall -femit-class-debug-always -fstack-usage -MMD -MP -MF"Application/User/TouchGFX/target/TouchGFXHAL.d" -MT"Application/User/TouchGFX/target/TouchGFXHAL.o" --specs=nano.specs -mfpu=fpv4-sp-d16 -mfloat-abi=hard -mthumb -o "Application/User/TouchGFX/target/TouchGFXHAL.o"
arm-none-eabi-gcc "C:/TouchGFXProjects/delay_screen/Core/Src/freertos.c" -mcpu=cortex-m4 -std=gnu11 -g3 -DUSE_HAL_DRIVER -DSTM32F469xx -DDEBUG -c -I../../Core/Inc -I../../Drivers/CMSIS/Include -I../../TouchGFX/target -I../../Drivers/CMSIS/Device/ST/STM32F4xx/Include -I../../TouchGFX/App -I../../Middlewares/Third_Party/FreeRTOS/Source/CMSIS_RTOS_V2 -I../../TouchGFX/target/generated -I../../Drivers/BSP/Components/Common -I../../Middlewares/Third_Party/FreeRTOS/Source/include -I../../Drivers/STM32F4xx_HAL_Driver/Inc/Legacy -I../../Middlewares/Third_Party/FreeRTOS/Source/portable/GCC/ARM_CM4F -I../../Drivers/BSP/STM32469I-Discovery -I../../Drivers/STM32F4xx_HAL_Driver/Inc -I../../Middlewares/ST/touchgfx/framework/include -I../../TouchGFX/generated/fonts/include -I../../TouchGFX/generated/gui_generated/include -I../../TouchGFX/generated/images/include -I../../TouchGFX/generated/texts/include -I../../TouchGFX/gui/include -I../../TouchGFX/generated/videos/include -Os -ffunction-sections -fdata-sections -Wall -fstack-usage -MMD -MP -MF"Application/User/freertos.d" -MT"Application/User/freertos.o" --specs=nano.specs -mfpu=fpv4-sp-d16 -mfloat-abi=hard -mthumb -o "Application/User/freertos.o"
arm-none-eabi-gcc "C:/TouchGFXProjects/delay_screen/Core/Src/main.c" -mcpu=cortex-m4 -std=gnu11 -g3 -DUSE_HAL_DRIVER -DSTM32F469xx -DDEBUG -c -I../../Core/Inc -I../../Drivers/CMSIS/Include -I../../TouchGFX/target -I../../Drivers/CMSIS/Device/ST/STM32F4xx/Include -I../../TouchGFX/App -I../../Middlewares/Third_Party/FreeRTOS/Source/CMSIS_RTOS_V2 -I../../TouchGFX/target/generated -I../../Drivers/BSP/Components/Common -I../../Middlewares/Third_Party/FreeRTOS/Source/include -I../../Drivers/STM32F4xx_HAL_Driver/Inc/Legacy -I../../Middlewares/Third_Party/FreeRTOS/Source/portable/GCC/ARM_CM4F -I../../Drivers/BSP/STM32469I-Discovery -I../../Drivers/STM32F4xx_HAL_Driver/Inc -I../../Middlewares/ST/touchgfx/framework/include -I../../TouchGFX/generated/fonts/include -I../../TouchGFX/generated/gui_generated/include -I../../TouchGFX/generated/images/include -I../../TouchGFX/generated/texts/include -I../../TouchGFX/gui/include -I../../TouchGFX/generated/videos/include -Os -ffunction-sections -fdata-sections -Wall -fstack-usage -MMD -MP -MF"Application/User/main.d" -MT"Application/User/main.o" --specs=nano.specs -mfpu=fpv4-sp-d16 -mfloat-abi=hard -mthumb -o "Application/User/main.o"
arm-none-eabi-gcc "C:/TouchGFXProjects/delay_screen/Core/Src/stm32f4xx_hal_msp.c" -mcpu=cortex-m4 -std=gnu11 -g3 -DUSE_HAL_DRIVER -DSTM32F469xx -DDEBUG -c -I../../Core/Inc -I../../Drivers/CMSIS/Include -I../../TouchGFX/target -I../../Drivers/CMSIS/Device/ST/STM32F4xx/Include -I../../TouchGFX/App -I../../Middlewares/Third_Party/FreeRTOS/Source/CMSIS_RTOS_V2 -I../../TouchGFX/target/generated -I../../Drivers/BSP/Components/Common -I../../Middlewares/Third_Party/FreeRTOS/Source/include -I../../Drivers/STM32F4xx_HAL_Driver/Inc/Legacy -I../../Middlewares/Third_Party/FreeRTOS/Source/portable/GCC/ARM_CM4F -I../../Drivers/BSP/STM32469I-Discovery -I../../Drivers/STM32F4xx_HAL_Driver/Inc -I../../Middlewares/ST/touchgfx/framework/include -I../../TouchGFX/generated/fonts/include -I../../TouchGFX/generated/gui_generated/include -I../../TouchGFX/generated/images/include -I../../TouchGFX/generated/texts/include -I../../TouchGFX/gui/include -I../../TouchGFX/generated/videos/include -Os -ffunction-sections -fdata-sections -Wall -fstack-usage -MMD -MP -MF"Application/User/stm32f4xx_hal_msp.d" -MT"Application/User/stm32f4xx_hal_msp.o" --specs=nano.specs -mfpu=fpv4-sp-d16 -mfloat-abi=hard -mthumb -o "Application/User/stm32f4xx_hal_msp.o"
arm-none-eabi-gcc "C:/TouchGFXProjects/delay_screen/Core/Src/stm32f4xx_it.c" -mcpu=cortex-m4 -std=gnu11 -g3 -DUSE_HAL_DRIVER -DSTM32F469xx -DDEBUG -c -I../../Core/Inc -I../../Drivers/CMSIS/Include -I../../TouchGFX/target -I../../Drivers/CMSIS/Device/ST/STM32F4xx/Include -I../../TouchGFX/App -I../../Middlewares/Third_Party/FreeRTOS/Source/CMSIS_RTOS_V2 -I../../TouchGFX/target/generated -I../../Drivers/BSP/Components/Common -I../../Middlewares/Third_Party/FreeRTOS/Source/include -I../../Drivers/STM32F4xx_HAL_Driver/Inc/Legacy -I../../Middlewares/Third_Party/FreeRTOS/Source/portable/GCC/ARM_CM4F -I../../Drivers/BSP/STM32469I-Discovery -I../../Drivers/STM32F4xx_HAL_Driver/Inc -I../../Middlewares/ST/touchgfx/framework/include -I../../TouchGFX/generated/fonts/include -I../../TouchGFX/generated/gui_generated/include -I../../TouchGFX/generated/images/include -I../../TouchGFX/generated/texts/include -I../../TouchGFX/gui/include -I../../TouchGFX/generated/videos/include -Os -ffunction-sections -fdata-sections -Wall -fstack-usage -MMD -MP -MF"Application/User/stm32f4xx_it.d" -MT"Application/User/stm32f4xx_it.o" --specs=nano.specs -mfpu=fpv4-sp-d16 -mfloat-abi=hard -mthumb -o "Application/User/stm32f4xx_it.o"
arm-none-eabi-g++ -o "STM32F469I-DISCO.elf" @"objects.list"  -l:libtouchgfx-float-abi-hard.a -mcpu=cortex-m4 -T"C:\TouchGFXProjects\delay_screen\STM32CubeIDE\STM32F469NIHX_FLASH.ld" --specs=nosys.specs -Wl,-Map="STM32F469I-DISCO.map" -Wl,--gc-sections -static -LC:/git/STM32F469-dk/stm32f469i_disco/STM32F469I-DISCO/Middlewares/ST/touchgfx/lib/core/cortex_m4f/gcc -LC:/git/stm32f469i_disco/STM32F469I-DISCO/Middlewares/ST/touchgfx/lib/core/cortex_m4f/gcc -LC:/TouchGFXProjects/delay_screen/Middlewares/ST/touchgfx/lib/core/cortex_m4f/gcc --specs=nano.specs -mfpu=fpv4-sp-d16 -mfloat-abi=hard -mthumb -Wl,--start-group -lc -lm -lstdc++ -lsupc++ -Wl,--end-group
c:\st\stm32cubeide_1.9.0\stm32cubeide\plugins\com.st.stm32cube.ide.mcu.externaltools.gnu-tools-for-stm32.10.3-2021.10.win32_1.0.0.202111181127\tools\arm-none-eabi\bin\ld.exe: ./Application/User/main.o: in function `main':
C:/TouchGFXProjects/delay_screen/Core/Src/main.c:113: undefined reference to `DWT_Init'
c:\st\stm32cubeide_1.9.0\stm32cubeide\plugins\com.st.stm32cube.ide.mcu.externaltools.gnu-tools-for-stm32.10.3-2021.10.win32_1.0.0.202111181127\tools\arm-none-eabi\bin\ld.exe: ./Application/User/gui/Screen1View.o: in function `Screen1View::f()':
C:/TouchGFXProjects/delay_screen/TouchGFX/gui/src/screen1_screen/Screen1View.cpp:29: undefined reference to `DWT_Delay(unsigned long)'
c:\st\stm32cubeide_1.9.0\stm32cubeide\plugins\com.st.stm32cube.ide.mcu.externaltools.gnu-tools-for-stm32.10.3-2021.10.win32_1.0.0.202111181127\tools\arm-none-eabi\bin\ld.exe: C:/TouchGFXProjects/delay_screen/TouchGFX/gui/src/screen1_screen/Screen1View.cpp:31: undefined reference to `DWT_Delay(unsigned long)'
collect2.exe: error: ld returned 1 exit status
make: *** [makefile:91: STM32F469I-DISCO.elf] Error 1
"make -j8 all" terminated with exit code 2. Build might be incomplete.
00:01:09 **** Incremental Build of configuration Debug for project STM32F469I-DISCO ****
make -j8 all 
arm-none-eabi-g++ -o "STM32F469I-DISCO.elf" @"objects.list"  -l:libtouchgfx-float-abi-hard.a -mcpu=cortex-m4 -T"C:\TouchGFXProjects\delay_screen\STM32CubeIDE\STM32F469NIHX_FLASH.ld" --specs=nosys.specs -Wl,-Map="STM32F469I-DISCO.map" -Wl,--gc-sections -static -LC:/git/STM32F469-dk/stm32f469i_disco/STM32F469I-DISCO/Middlewares/ST/touchgfx/lib/core/cortex_m4f/gcc -LC:/git/stm32f469i_disco/STM32F469I-DISCO/Middlewares/ST/touchgfx/lib/core/cortex_m4f/gcc -LC:/TouchGFXProjects/delay_screen/Middlewares/ST/touchgfx/lib/core/cortex_m4f/gcc --specs=nano.specs -mfpu=fpv4-sp-d16 -mfloat-abi=hard -mthumb -Wl,--start-group -lc -lm -lstdc++ -lsupc++ -Wl,--end-group
c:\st\stm32cubeide_1.9.0\stm32cubeide\plugins\com.st.stm32cube.ide.mcu.externaltools.gnu-tools-for-stm32.10.3-2021.10.win32_1.0.0.202111181127\tools\arm-none-eabi\bin\ld.exe: ./Application/User/main.o: in function `main':
C:/TouchGFXProjects/delay_screen/Core/Src/main.c:113: undefined reference to `DWT_Init'
c:\st\stm32cubeide_1.9.0\stm32cubeide\plugins\com.st.stm32cube.ide.mcu.externaltools.gnu-tools-for-stm32.10.3-2021.10.win32_1.0.0.202111181127\tools\arm-none-eabi\bin\ld.exe: ./Application/User/gui/Screen1View.o: in function `Screen1View::f()':
C:/TouchGFXProjects/delay_screen/TouchGFX/gui/src/screen1_screen/Screen1View.cpp:29: undefined reference to `DWT_Delay(unsigned long)'
c:\st\stm32cubeide_1.9.0\stm32cubeide\plugins\com.st.stm32cube.ide.mcu.externaltools.gnu-tools-for-stm32.10.3-2021.10.win32_1.0.0.202111181127\tools\arm-none-eabi\bin\ld.exe: C:/TouchGFXProjects/delay_screen/TouchGFX/gui/src/screen1_screen/Screen1View.cpp:31: undefined reference to `DWT_Delay(unsigned long)'
collect2.exe: error: ld returned 1 exit status
make: *** [makefile:91: STM32F469I-DISCO.elf] Error 1
"make -j8 all" terminated with exit code 2. Build might be incomplete.
00:06:19 **** Incremental Build of configuration Debug for project STM32F469I-DISCO ****
make -j8 all 
arm-none-eabi-g++ -o "STM32F469I-DISCO.elf" @"objects.list"  -l:libtouchgfx-float-abi-hard.a -mcpu=cortex-m4 -T"C:\TouchGFXProjects\delay_screen\STM32CubeIDE\STM32F469NIHX_FLASH.ld" --specs=nosys.specs -Wl,-Map="STM32F469I-DISCO.map" -Wl,--gc-sections -static -LC:/git/STM32F469-dk/stm32f469i_disco/STM32F469I-DISCO/Middlewares/ST/touchgfx/lib/core/cortex_m4f/gcc -LC:/git/stm32f469i_disco/STM32F469I-DISCO/Middlewares/ST/touchgfx/lib/core/cortex_m4f/gcc -LC:/TouchGFXProjects/delay_screen/Middlewares/ST/touchgfx/lib/core/cortex_m4f/gcc --specs=nano.specs -mfpu=fpv4-sp-d16 -mfloat-abi=hard -mthumb -Wl,--start-group -lc -lm -lstdc++ -lsupc++ -Wl,--end-group
c:\st\stm32cubeide_1.9.0\stm32cubeide\plugins\com.st.stm32cube.ide.mcu.externaltools.gnu-tools-for-stm32.10.3-2021.10.win32_1.0.0.202111181127\tools\arm-none-eabi\bin\ld.exe: ./Application/User/main.o: in function `main':
C:/TouchGFXProjects/delay_screen/Core/Src/main.c:113: undefined reference to `DWT_Init'
c:\st\stm32cubeide_1.9.0\stm32cubeide\plugins\com.st.stm32cube.ide.mcu.externaltools.gnu-tools-for-stm32.10.3-2021.10.win32_1.0.0.202111181127\tools\arm-none-eabi\bin\ld.exe: ./Application/User/gui/Screen1View.o: in function `Screen1View::f()':
C:/TouchGFXProjects/delay_screen/TouchGFX/gui/src/screen1_screen/Screen1View.cpp:29: undefined reference to `DWT_Delay(unsigned long)'
c:\st\stm32cubeide_1.9.0\stm32cubeide\plugins\com.st.stm32cube.ide.mcu.externaltools.gnu-tools-for-stm32.10.3-2021.10.win32_1.0.0.202111181127\tools\arm-none-eabi\bin\ld.exe: C:/TouchGFXProjects/delay_screen/TouchGFX/gui/src/screen1_screen/Screen1View.cpp:31: undefined reference to `DWT_Delay(unsigned long)'
collect2.exe: error: ld returned 1 exit status
make: *** [makefile:91: STM32F469I-DISCO.elf] Error 1
"make -j8 all" terminated with exit code 2. Build might be incomplete.
00:12:23 **** Incremental Build of configuration Debug for project STM32F469I-DISCO ****
make -j8 all 
arm-none-eabi-g++ "C:/TouchGFXProjects/delay_screen/TouchGFX/gui/src/screen1_screen/Screen1View.cpp" -mcpu=cortex-m4 -std=gnu++14 -g3 -DUSE_HAL_DRIVER -DSTM32F469xx -DDEBUG -c -I../../Core/Inc -I../../Drivers/CMSIS/Include -I../../TouchGFX/target -I../../Drivers/CMSIS/Device/ST/STM32F4xx/Include -I../../TouchGFX/App -I../../Middlewares/Third_Party/FreeRTOS/Source/CMSIS_RTOS_V2 -I../../TouchGFX/target/generated -I../../Drivers/BSP/Components/Common -I../../Middlewares/Third_Party/FreeRTOS/Source/include -I../../Drivers/STM32F4xx_HAL_Driver/Inc/Legacy -I../../Middlewares/Third_Party/FreeRTOS/Source/portable/GCC/ARM_CM4F -I../../Drivers/BSP/STM32469I-Discovery -I../../Drivers/STM32F4xx_HAL_Driver/Inc -I../../Middlewares/ST/touchgfx/framework/include -I../../TouchGFX/generated/fonts/include -I../../TouchGFX/generated/gui_generated/include -I../../TouchGFX/generated/images/include -I../../TouchGFX/generated/texts/include -I../../TouchGFX/gui/include -I../../TouchGFX/generated/videos/include -Os -ffunction-sections -fdata-sections -fno-exceptions -fno-rtti -fno-use-cxa-atexit -Wall -femit-class-debug-always -fstack-usage -MMD -MP -MF"Application/User/gui/Screen1View.d" -MT"Application/User/gui/Screen1View.o" --specs=nano.specs -mfpu=fpv4-sp-d16 -mfloat-abi=hard -mthumb -o "Application/User/gui/Screen1View.o"
arm-none-eabi-gcc "C:/TouchGFXProjects/delay_screen/Core/Src/main.c" -mcpu=cortex-m4 -std=gnu11 -g3 -DUSE_HAL_DRIVER -DSTM32F469xx -DDEBUG -c -I../../Core/Inc -I../../Drivers/CMSIS/Include -I../../TouchGFX/target -I../../Drivers/CMSIS/Device/ST/STM32F4xx/Include -I../../TouchGFX/App -I../../Middlewares/Third_Party/FreeRTOS/Source/CMSIS_RTOS_V2 -I../../TouchGFX/target/generated -I../../Drivers/BSP/Components/Common -I../../Middlewares/Third_Party/FreeRTOS/Source/include -I../../Drivers/STM32F4xx_HAL_Driver/Inc/Legacy -I../../Middlewares/Third_Party/FreeRTOS/Source/portable/GCC/ARM_CM4F -I../../Drivers/BSP/STM32469I-Discovery -I../../Drivers/STM32F4xx_HAL_Driver/Inc -I../../Middlewares/ST/touchgfx/framework/include -I../../TouchGFX/generated/fonts/include -I../../TouchGFX/generated/gui_generated/include -I../../TouchGFX/generated/images/include -I../../TouchGFX/generated/texts/include -I../../TouchGFX/gui/include -I../../TouchGFX/generated/videos/include -Os -ffunction-sections -fdata-sections -Wall -fstack-usage -MMD -MP -MF"Application/User/main.d" -MT"Application/User/main.o" --specs=nano.specs -mfpu=fpv4-sp-d16 -mfloat-abi=hard -mthumb -o "Application/User/main.o"
C:/TouchGFXProjects/delay_screen/TouchGFX/gui/src/screen1_screen/Screen1View.cpp: In member function 'virtual void Screen1View::f()':
C:/TouchGFXProjects/delay_screen/TouchGFX/gui/src/screen1_screen/Screen1View.cpp:29:6: error: 'DWT_Delay' was not declared in this scope; did you mean 'HAL_Delay'?
   29 |      DWT_Delay(1000000);
      |      ^~~~~~~~~
      |      HAL_Delay
make: *** [Application/User/gui/subdir.mk:34: Application/User/gui/Screen1View.o] Error 1
make: *** Waiting for unfinished jobs....
"make -j8 all" terminated with exit code 2. Build might be incomplete.
00:12:44 **** Incremental Build of configuration Debug for project STM32F469I-DISCO ****
make -j8 all 
arm-none-eabi-g++ "C:/TouchGFXProjects/delay_screen/TouchGFX/gui/src/screen1_screen/Screen1View.cpp" -mcpu=cortex-m4 -std=gnu++14 -g3 -DUSE_HAL_DRIVER -DSTM32F469xx -DDEBUG -c -I../../Core/Inc -I../../Drivers/CMSIS/Include -I../../TouchGFX/target -I../../Drivers/CMSIS/Device/ST/STM32F4xx/Include -I../../TouchGFX/App -I../../Middlewares/Third_Party/FreeRTOS/Source/CMSIS_RTOS_V2 -I../../TouchGFX/target/generated -I../../Drivers/BSP/Components/Common -I../../Middlewares/Third_Party/FreeRTOS/Source/include -I../../Drivers/STM32F4xx_HAL_Driver/Inc/Legacy -I../../Middlewares/Third_Party/FreeRTOS/Source/portable/GCC/ARM_CM4F -I../../Drivers/BSP/STM32469I-Discovery -I../../Drivers/STM32F4xx_HAL_Driver/Inc -I../../Middlewares/ST/touchgfx/framework/include -I../../TouchGFX/generated/fonts/include -I../../TouchGFX/generated/gui_generated/include -I../../TouchGFX/generated/images/include -I../../TouchGFX/generated/texts/include -I../../TouchGFX/gui/include -I../../TouchGFX/generated/videos/include -Os -ffunction-sections -fdata-sections -fno-exceptions -fno-rtti -fno-use-cxa-atexit -Wall -femit-class-debug-always -fstack-usage -MMD -MP -MF"Application/User/gui/Screen1View.d" -MT"Application/User/gui/Screen1View.o" --specs=nano.specs -mfpu=fpv4-sp-d16 -mfloat-abi=hard -mthumb -o "Application/User/gui/Screen1View.o"
arm-none-eabi-g++ -o "STM32F469I-DISCO.elf" @"objects.list"  -l:libtouchgfx-float-abi-hard.a -mcpu=cortex-m4 -T"C:\TouchGFXProjects\delay_screen\STM32CubeIDE\STM32F469NIHX_FLASH.ld" --specs=nosys.specs -Wl,-Map="STM32F469I-DISCO.map" -Wl,--gc-sections -static -LC:/git/STM32F469-dk/stm32f469i_disco/STM32F469I-DISCO/Middlewares/ST/touchgfx/lib/core/cortex_m4f/gcc -LC:/git/stm32f469i_disco/STM32F469I-DISCO/Middlewares/ST/touchgfx/lib/core/cortex_m4f/gcc -LC:/TouchGFXProjects/delay_screen/Middlewares/ST/touchgfx/lib/core/cortex_m4f/gcc --specs=nano.specs -mfpu=fpv4-sp-d16 -mfloat-abi=hard -mthumb -Wl,--start-group -lc -lm -lstdc++ -lsupc++ -Wl,--end-group
Finished building target: STM32F469I-DISCO.elf
 
arm-none-eabi-size   STM32F469I-DISCO.elf 
arm-none-eabi-objdump -h -S  STM32F469I-DISCO.elf  > "STM32F469I-DISCO.list"
arm-none-eabi-objcopy  -O ihex  STM32F469I-DISCO.elf  "STM32F469I-DISCO.hex"
   text	   data	    bss	    dec	    hex	filename
 216308	    352	  50832	 267492	  414e4	STM32F469I-DISCO.elf
Finished building: default.size.stdout
 
Finished building: STM32F469I-DISCO.hex
 
Finished building: STM32F469I-DISCO.list
 
00:13:12 **** Incremental Build of configuration Debug for project STM32F469I-DISCO ****
make -j8 all 
arm-none-eabi-gcc "C:/TouchGFXProjects/delay_screen/Core/Src/main.c" -mcpu=cortex-m4 -std=gnu11 -g3 -DUSE_HAL_DRIVER -DSTM32F469xx -DDEBUG -c -I../../Core/Inc -I../../Drivers/CMSIS/Include -I../../TouchGFX/target -I../../Drivers/CMSIS/Device/ST/STM32F4xx/Include -I../../TouchGFX/App -I../../Middlewares/Third_Party/FreeRTOS/Source/CMSIS_RTOS_V2 -I../../TouchGFX/target/generated -I../../Drivers/BSP/Components/Common -I../../Middlewares/Third_Party/FreeRTOS/Source/include -I../../Drivers/STM32F4xx_HAL_Driver/Inc/Legacy -I../../Middlewares/Third_Party/FreeRTOS/Source/portable/GCC/ARM_CM4F -I../../Drivers/BSP/STM32469I-Discovery -I../../Drivers/STM32F4xx_HAL_Driver/Inc -I../../Middlewares/ST/touchgfx/framework/include -I../../TouchGFX/generated/fonts/include -I../../TouchGFX/generated/gui_generated/include -I../../TouchGFX/generated/images/include -I../../TouchGFX/generated/texts/include -I../../TouchGFX/gui/include -I../../TouchGFX/generated/videos/include -Os -ffunction-sections -fdata-sections -Wall -fstack-usage -MMD -MP -MF"Application/User/main.d" -MT"Application/User/main.o" --specs=nano.specs -mfpu=fpv4-sp-d16 -mfloat-abi=hard -mthumb -o "Application/User/main.o"
arm-none-eabi-g++ -o "STM32F469I-DISCO.elf" @"objects.list"  -l:libtouchgfx-float-abi-hard.a -mcpu=cortex-m4 -T"C:\TouchGFXProjects\delay_screen\STM32CubeIDE\STM32F469NIHX_FLASH.ld" --specs=nosys.specs -Wl,-Map="STM32F469I-DISCO.map" -Wl,--gc-sections -static -LC:/git/STM32F469-dk/stm32f469i_disco/STM32F469I-DISCO/Middlewares/ST/touchgfx/lib/core/cortex_m4f/gcc -LC:/git/stm32f469i_disco/STM32F469I-DISCO/Middlewares/ST/touchgfx/lib/core/cortex_m4f/gcc -LC:/TouchGFXProjects/delay_screen/Middlewares/ST/touchgfx/lib/core/cortex_m4f/gcc --specs=nano.specs -mfpu=fpv4-sp-d16 -mfloat-abi=hard -mthumb -Wl,--start-group -lc -lm -lstdc++ -lsupc++ -Wl,--end-group
Finished building target: STM32F469I-DISCO.elf
 
arm-none-eabi-size   STM32F469I-DISCO.elf 
arm-none-eabi-objdump -h -S  STM32F469I-DISCO.elf  > "STM32F469I-DISCO.list"
arm-none-eabi-objcopy  -O ihex  STM32F469I-DISCO.elf  "STM32F469I-DISCO.hex"
   text	   data	    bss	    dec	    hex	filename
 216356	    352	  50832	 267540	  41514	STM32F469I-DISCO.elf
Finished building: default.size.stdout
 
Finished building: STM32F469I-DISCO.hex
 
Finished building: STM32F469I-DISCO.list
 
00:14:03 **** Incremental Build of configuration Debug for project STM32F469I-DISCO ****
make -j8 all 
arm-none-eabi-g++ "C:/TouchGFXProjects/delay_screen/TouchGFX/gui/src/screen1_screen/Screen1View.cpp" -mcpu=cortex-m4 -std=gnu++14 -g3 -DUSE_HAL_DRIVER -DSTM32F469xx -DDEBUG -c -I../../Core/Inc -I../../Drivers/CMSIS/Include -I../../TouchGFX/target -I../../Drivers/CMSIS/Device/ST/STM32F4xx/Include -I../../TouchGFX/App -I../../Middlewares/Third_Party/FreeRTOS/Source/CMSIS_RTOS_V2 -I../../TouchGFX/target/generated -I../../Drivers/BSP/Components/Common -I../../Middlewares/Third_Party/FreeRTOS/Source/include -I../../Drivers/STM32F4xx_HAL_Driver/Inc/Legacy -I../../Middlewares/Third_Party/FreeRTOS/Source/portable/GCC/ARM_CM4F -I../../Drivers/BSP/STM32469I-Discovery -I../../Drivers/STM32F4xx_HAL_Driver/Inc -I../../Middlewares/ST/touchgfx/framework/include -I../../TouchGFX/generated/fonts/include -I../../TouchGFX/generated/gui_generated/include -I../../TouchGFX/generated/images/include -I../../TouchGFX/generated/texts/include -I../../TouchGFX/gui/include -I../../TouchGFX/generated/videos/include -Os -ffunction-sections -fdata-sections -fno-exceptions -fno-rtti -fno-use-cxa-atexit -Wall -femit-class-debug-always -fstack-usage -MMD -MP -MF"Application/User/gui/Screen1View.d" -MT"Application/User/gui/Screen1View.o" --specs=nano.specs -mfpu=fpv4-sp-d16 -mfloat-abi=hard -mthumb -o "Application/User/gui/Screen1View.o"
arm-none-eabi-g++ "C:/TouchGFXProjects/delay_screen/TouchGFX/target/TouchGFXGPIO.cpp" -mcpu=cortex-m4 -std=gnu++14 -g3 -DUSE_HAL_DRIVER -DSTM32F469xx -DDEBUG -c -I../../Core/Inc -I../../Drivers/CMSIS/Include -I../../TouchGFX/target -I../../Drivers/CMSIS/Device/ST/STM32F4xx/Include -I../../TouchGFX/App -I../../Middlewares/Third_Party/FreeRTOS/Source/CMSIS_RTOS_V2 -I../../TouchGFX/target/generated -I../../Drivers/BSP/Components/Common -I../../Middlewares/Third_Party/FreeRTOS/Source/include -I../../Drivers/STM32F4xx_HAL_Driver/Inc/Legacy -I../../Middlewares/Third_Party/FreeRTOS/Source/portable/GCC/ARM_CM4F -I../../Drivers/BSP/STM32469I-Discovery -I../../Drivers/STM32F4xx_HAL_Driver/Inc -I../../Middlewares/ST/touchgfx/framework/include -I../../TouchGFX/generated/fonts/include -I../../TouchGFX/generated/gui_generated/include -I../../TouchGFX/generated/images/include -I../../TouchGFX/generated/texts/include -I../../TouchGFX/gui/include -I../../TouchGFX/generated/videos/include -Os -ffunction-sections -fdata-sections -fno-exceptions -fno-rtti -fno-use-cxa-atexit -Wall -femit-class-debug-always -fstack-usage -MMD -MP -MF"Application/User/TouchGFX/target/TouchGFXGPIO.d" -MT"Application/User/TouchGFX/target/TouchGFXGPIO.o" --specs=nano.specs -mfpu=fpv4-sp-d16 -mfloat-abi=hard -mthumb -o "Application/User/TouchGFX/target/TouchGFXGPIO.o"
arm-none-eabi-g++ "C:/TouchGFXProjects/delay_screen/TouchGFX/target/TouchGFXHAL.cpp" -mcpu=cortex-m4 -std=gnu++14 -g3 -DUSE_HAL_DRIVER -DSTM32F469xx -DDEBUG -c -I../../Core/Inc -I../../Drivers/CMSIS/Include -I../../TouchGFX/target -I../../Drivers/CMSIS/Device/ST/STM32F4xx/Include -I../../TouchGFX/App -I../../Middlewares/Third_Party/FreeRTOS/Source/CMSIS_RTOS_V2 -I../../TouchGFX/target/generated -I../../Drivers/BSP/Components/Common -I../../Middlewares/Third_Party/FreeRTOS/Source/include -I../../Drivers/STM32F4xx_HAL_Driver/Inc/Legacy -I../../Middlewares/Third_Party/FreeRTOS/Source/portable/GCC/ARM_CM4F -I../../Drivers/BSP/STM32469I-Discovery -I../../Drivers/STM32F4xx_HAL_Driver/Inc -I../../Middlewares/ST/touchgfx/framework/include -I../../TouchGFX/generated/fonts/include -I../../TouchGFX/generated/gui_generated/include -I../../TouchGFX/generated/images/include -I../../TouchGFX/generated/texts/include -I../../TouchGFX/gui/include -I../../TouchGFX/generated/videos/include -Os -ffunction-sections -fdata-sections -fno-exceptions -fno-rtti -fno-use-cxa-atexit -Wall -femit-class-debug-always -fstack-usage -MMD -MP -MF"Application/User/TouchGFX/target/TouchGFXHAL.d" -MT"Application/User/TouchGFX/target/TouchGFXHAL.o" --specs=nano.specs -mfpu=fpv4-sp-d16 -mfloat-abi=hard -mthumb -o "Application/User/TouchGFX/target/TouchGFXHAL.o"
arm-none-eabi-gcc "C:/TouchGFXProjects/delay_screen/Core/Src/freertos.c" -mcpu=cortex-m4 -std=gnu11 -g3 -DUSE_HAL_DRIVER -DSTM32F469xx -DDEBUG -c -I../../Core/Inc -I../../Drivers/CMSIS/Include -I../../TouchGFX/target -I../../Drivers/CMSIS/Device/ST/STM32F4xx/Include -I../../TouchGFX/App -I../../Middlewares/Third_Party/FreeRTOS/Source/CMSIS_RTOS_V2 -I../../TouchGFX/target/generated -I../../Drivers/BSP/Components/Common -I../../Middlewares/Third_Party/FreeRTOS/Source/include -I../../Drivers/STM32F4xx_HAL_Driver/Inc/Legacy -I../../Middlewares/Third_Party/FreeRTOS/Source/portable/GCC/ARM_CM4F -I../../Drivers/BSP/STM32469I-Discovery -I../../Drivers/STM32F4xx_HAL_Driver/Inc -I../../Middlewares/ST/touchgfx/framework/include -I../../TouchGFX/generated/fonts/include -I../../TouchGFX/generated/gui_generated/include -I../../TouchGFX/generated/images/include -I../../TouchGFX/generated/texts/include -I../../TouchGFX/gui/include -I../../TouchGFX/generated/videos/include -Os -ffunction-sections -fdata-sections -Wall -fstack-usage -MMD -MP -MF"Application/User/freertos.d" -MT"Application/User/freertos.o" --specs=nano.specs -mfpu=fpv4-sp-d16 -mfloat-abi=hard -mthumb -o "Application/User/freertos.o"
arm-none-eabi-gcc "C:/TouchGFXProjects/delay_screen/Core/Src/main.c" -mcpu=cortex-m4 -std=gnu11 -g3 -DUSE_HAL_DRIVER -DSTM32F469xx -DDEBUG -c -I../../Core/Inc -I../../Drivers/CMSIS/Include -I../../TouchGFX/target -I../../Drivers/CMSIS/Device/ST/STM32F4xx/Include -I../../TouchGFX/App -I../../Middlewares/Third_Party/FreeRTOS/Source/CMSIS_RTOS_V2 -I../../TouchGFX/target/generated -I../../Drivers/BSP/Components/Common -I../../Middlewares/Third_Party/FreeRTOS/Source/include -I../../Drivers/STM32F4xx_HAL_Driver/Inc/Legacy -I../../Middlewares/Third_Party/FreeRTOS/Source/portable/GCC/ARM_CM4F -I../../Drivers/BSP/STM32469I-Discovery -I../../Drivers/STM32F4xx_HAL_Driver/Inc -I../../Middlewares/ST/touchgfx/framework/include -I../../TouchGFX/generated/fonts/include -I../../TouchGFX/generated/gui_generated/include -I../../TouchGFX/generated/images/include -I../../TouchGFX/generated/texts/include -I../../TouchGFX/gui/include -I../../TouchGFX/generated/videos/include -Os -ffunction-sections -fdata-sections -Wall -fstack-usage -MMD -MP -MF"Application/User/main.d" -MT"Application/User/main.o" --specs=nano.specs -mfpu=fpv4-sp-d16 -mfloat-abi=hard -mthumb -o "Application/User/main.o"
arm-none-eabi-gcc "C:/TouchGFXProjects/delay_screen/Core/Src/stm32f4xx_hal_msp.c" -mcpu=cortex-m4 -std=gnu11 -g3 -DUSE_HAL_DRIVER -DSTM32F469xx -DDEBUG -c -I../../Core/Inc -I../../Drivers/CMSIS/Include -I../../TouchGFX/target -I../../Drivers/CMSIS/Device/ST/STM32F4xx/Include -I../../TouchGFX/App -I../../Middlewares/Third_Party/FreeRTOS/Source/CMSIS_RTOS_V2 -I../../TouchGFX/target/generated -I../../Drivers/BSP/Components/Common -I../../Middlewares/Third_Party/FreeRTOS/Source/include -I../../Drivers/STM32F4xx_HAL_Driver/Inc/Legacy -I../../Middlewares/Third_Party/FreeRTOS/Source/portable/GCC/ARM_CM4F -I../../Drivers/BSP/STM32469I-Discovery -I../../Drivers/STM32F4xx_HAL_Driver/Inc -I../../Middlewares/ST/touchgfx/framework/include -I../../TouchGFX/generated/fonts/include -I../../TouchGFX/generated/gui_generated/include -I../../TouchGFX/generated/images/include -I../../TouchGFX/generated/texts/include -I../../TouchGFX/gui/include -I../../TouchGFX/generated/videos/include -Os -ffunction-sections -fdata-sections -Wall -fstack-usage -MMD -MP -MF"Application/User/stm32f4xx_hal_msp.d" -MT"Application/User/stm32f4xx_hal_msp.o" --specs=nano.specs -mfpu=fpv4-sp-d16 -mfloat-abi=hard -mthumb -o "Application/User/stm32f4xx_hal_msp.o"
arm-none-eabi-gcc "C:/TouchGFXProjects/delay_screen/Core/Src/stm32f4xx_it.c" -mcpu=cortex-m4 -std=gnu11 -g3 -DUSE_HAL_DRIVER -DSTM32F469xx -DDEBUG -c -I../../Core/Inc -I../../Drivers/CMSIS/Include -I../../TouchGFX/target -I../../Drivers/CMSIS/Device/ST/STM32F4xx/Include -I../../TouchGFX/App -I../../Middlewares/Third_Party/FreeRTOS/Source/CMSIS_RTOS_V2 -I../../TouchGFX/target/generated -I../../Drivers/BSP/Components/Common -I../../Middlewares/Third_Party/FreeRTOS/Source/include -I../../Drivers/STM32F4xx_HAL_Driver/Inc/Legacy -I../../Middlewares/Third_Party/FreeRTOS/Source/portable/GCC/ARM_CM4F -I../../Drivers/BSP/STM32469I-Discovery -I../../Drivers/STM32F4xx_HAL_Driver/Inc -I../../Middlewares/ST/touchgfx/framework/include -I../../TouchGFX/generated/fonts/include -I../../TouchGFX/generated/gui_generated/include -I../../TouchGFX/generated/images/include -I../../TouchGFX/generated/texts/include -I../../TouchGFX/gui/include -I../../TouchGFX/generated/videos/include -Os -ffunction-sections -fdata-sections -Wall -fstack-usage -MMD -MP -MF"Application/User/stm32f4xx_it.d" -MT"Application/User/stm32f4xx_it.o" --specs=nano.specs -mfpu=fpv4-sp-d16 -mfloat-abi=hard -mthumb -o "Application/User/stm32f4xx_it.o"
In file included from C:/TouchGFXProjects/delay_screen/Core/Src/main.c:21:
../../Core/Inc/main.h:56:16: error: unknown type name 'uint32_t'
   56 | void DWT_Delay(uint32_t us);
      |                ^~~~~~~~
In file included from C:/TouchGFXProjects/delay_screen/Core/Src/stm32f4xx_hal_msp.c:23:
../../Core/Inc/main.h:56:16: error: unknown type name 'uint32_t'
   56 | void DWT_Delay(uint32_t us);
      |                ^~~~~~~~
In file included from C:/TouchGFXProjects/delay_screen/Core/Src/stm32f4xx_it.c:22:
../../Core/Inc/main.h:56:16: error: unknown type name 'uint32_t'
   56 | void DWT_Delay(uint32_t us);
      |                ^~~~~~~~
C:/TouchGFXProjects/delay_screen/Core/Src/stm32f4xx_it.c:59:8: error: unknown type name 'DMA2D_HandleTypeDef'
   59 | extern DMA2D_HandleTypeDef hdma2d;
      |        ^~~~~~~~~~~~~~~~~~~
C:/TouchGFXProjects/delay_screen/Core/Src/stm32f4xx_it.c:60:8: error: unknown type name 'DSI_HandleTypeDef'
   60 | extern DSI_HandleTypeDef hdsi;
      |        ^~~~~~~~~~~~~~~~~
C:/TouchGFXProjects/delay_screen/Core/Src/stm32f4xx_it.c:61:8: error: unknown type name 'LTDC_HandleTypeDef'
   61 | extern LTDC_HandleTypeDef hltdc;
      |        ^~~~~~~~~~~~~~~~~~
C:/TouchGFXProjects/delay_screen/Core/Src/stm32f4xx_it.c:62:8: error: unknown type name 'TIM_HandleTypeDef'
   62 | extern TIM_HandleTypeDef htim6;
      |        ^~~~~~~~~~~~~~~~~
C:/TouchGFXProjects/delay_screen/Core/Src/stm32f4xx_it.c: In function 'TIM6_DAC_IRQHandler':
C:/TouchGFXProjects/delay_screen/Core/Src/stm32f4xx_it.c:172:3: warning: implicit declaration of function 'HAL_TIM_IRQHandler'; did you mean 'LTDC_IRQHandler'? [-Wimplicit-function-declaration]
  172 |   HAL_TIM_IRQHandler(&htim6);
      |   ^~~~~~~~~~~~~~~~~~
      |   LTDC_IRQHandler
C:/TouchGFXProjects/delay_screen/Core/Src/stm32f4xx_it.c: In function 'LTDC_IRQHandler':
C:/TouchGFXProjects/delay_screen/Core/Src/stm32f4xx_it.c:186:3: warning: implicit declaration of function 'HAL_LTDC_IRQHandler'; did you mean 'LTDC_IRQHandler'? [-Wimplicit-function-declaration]
  186 |   HAL_LTDC_IRQHandler(&hltdc);
      |   ^~~~~~~~~~~~~~~~~~~
      |   LTDC_IRQHandler
C:/TouchGFXProjects/delay_screen/Core/Src/stm32f4xx_it.c: In function 'DMA2D_IRQHandler':
C:/TouchGFXProjects/delay_screen/Core/Src/stm32f4xx_it.c:200:3: warning: implicit declaration of function 'HAL_DMA2D_IRQHandler'; did you mean 'DMA2D_IRQHandler'? [-Wimplicit-function-declaration]
  200 |   HAL_DMA2D_IRQHandler(&hdma2d);
      |   ^~~~~~~~~~~~~~~~~~~~
      |   DMA2D_IRQHandler
C:/TouchGFXProjects/delay_screen/Core/Src/stm32f4xx_hal_msp.c: In function 'HAL_MspInit':
C:/TouchGFXProjects/delay_screen/Core/Src/stm32f4xx_it.c: In function 'DSI_IRQHandler':
C:/TouchGFXProjects/delay_screen/Core/Src/stm32f4xx_hal_msp.c:70:3: warning: implicit declaration of function '__HAL_RCC_SYSCFG_CLK_ENABLE' [-Wimplicit-function-declaration]
   70 |   __HAL_RCC_SYSCFG_CLK_ENABLE();
      |   ^~~~~~~~~~~~~~~~~~~~~~~~~~~
C:/TouchGFXProjects/delay_screen/Core/Src/stm32f4xx_it.c:214:3: warning: implicit declaration of function 'HAL_DSI_IRQHandler'; did you mean 'DSI_IRQHandler'? [-Wimplicit-function-declaration]
  214 |   HAL_DSI_IRQHandler(&hdsi);
      |   ^~~~~~~~~~~~~~~~~~
      |   DSI_IRQHandler
C:/TouchGFXProjects/delay_screen/Core/Src/stm32f4xx_hal_msp.c:71:3: warning: implicit declaration of function '__HAL_RCC_PWR_CLK_ENABLE' [-Wimplicit-function-declaration]
   71 |   __HAL_RCC_PWR_CLK_ENABLE();
      |   ^~~~~~~~~~~~~~~~~~~~~~~~
C:/TouchGFXProjects/delay_screen/Core/Src/stm32f4xx_hal_msp.c:75:3: warning: implicit declaration of function 'HAL_NVIC_SetPriority' [-Wimplicit-function-declaration]
   75 |   HAL_NVIC_SetPriority(PendSV_IRQn, 15, 0);
      |   ^~~~~~~~~~~~~~~~~~~~
C:/TouchGFXProjects/delay_screen/Core/Src/stm32f4xx_hal_msp.c:75:24: error: 'PendSV_IRQn' undeclared (first use in this function)
   75 |   HAL_NVIC_SetPriority(PendSV_IRQn, 15, 0);
      |                        ^~~~~~~~~~~
C:/TouchGFXProjects/delay_screen/Core/Src/stm32f4xx_hal_msp.c:75:24: note: each undeclared identifier is reported only once for each function it appears in
C:/TouchGFXProjects/delay_screen/Core/Src/stm32f4xx_hal_msp.c: At top level:
C:/TouchGFXProjects/delay_screen/Core/Src/stm32f4xx_hal_msp.c:88:22: error: unknown type name 'CRC_HandleTypeDef'
   88 | void HAL_CRC_MspInit(CRC_HandleTypeDef* hcrc)
      |                      ^~~~~~~~~~~~~~~~~
C:/TouchGFXProjects/delay_screen/Core/Src/stm32f4xx_hal_msp.c:110:24: error: unknown type name 'CRC_HandleTypeDef'
  110 | void HAL_CRC_MspDeInit(CRC_HandleTypeDef* hcrc)
      |                        ^~~~~~~~~~~~~~~~~
C:/TouchGFXProjects/delay_screen/Core/Src/stm32f4xx_hal_msp.c:132:24: error: unknown type name 'DMA2D_HandleTypeDef'
  132 | void HAL_DMA2D_MspInit(DMA2D_HandleTypeDef* hdma2d)
      |                        ^~~~~~~~~~~~~~~~~~~
C:/TouchGFXProjects/delay_screen/Core/Src/stm32f4xx_hal_msp.c:157:26: error: unknown type name 'DMA2D_HandleTypeDef'
  157 | void HAL_DMA2D_MspDeInit(DMA2D_HandleTypeDef* hdma2d)
      |                          ^~~~~~~~~~~~~~~~~~~
C:/TouchGFXProjects/delay_screen/Core/Src/stm32f4xx_hal_msp.c:182:22: error: unknown type name 'DSI_HandleTypeDef'
  182 | void HAL_DSI_MspInit(DSI_HandleTypeDef* hdsi)
      |                      ^~~~~~~~~~~~~~~~~
C:/TouchGFXProjects/delay_screen/Core/Src/stm32f4xx_hal_msp.c:220:24: error: unknown type name 'DSI_HandleTypeDef'
  220 | void HAL_DSI_MspDeInit(DSI_HandleTypeDef* hdsi)
      |                        ^~~~~~~~~~~~~~~~~
C:/TouchGFXProjects/delay_screen/Core/Src/stm32f4xx_hal_msp.c:250:22: error: unknown type name 'I2C_HandleTypeDef'
  250 | void HAL_I2C_MspInit(I2C_HandleTypeDef* hi2c)
      |                      ^~~~~~~~~~~~~~~~~
C:/TouchGFXProjects/delay_screen/Core/Src/stm32f4xx_hal_msp.c:293:24: error: unknown type name 'I2C_HandleTypeDef'
  293 | void HAL_I2C_MspDeInit(I2C_HandleTypeDef* hi2c)
      |                        ^~~~~~~~~~~~~~~~~
C:/TouchGFXProjects/delay_screen/Core/Src/stm32f4xx_hal_msp.c:324:23: error: unknown type name 'LTDC_HandleTypeDef'
  324 | void HAL_LTDC_MspInit(LTDC_HandleTypeDef* hltdc)
      |                       ^~~~~~~~~~~~~~~~~~
C:/TouchGFXProjects/delay_screen/Core/Src/stm32f4xx_hal_msp.c:362:25: error: unknown type name 'LTDC_HandleTypeDef'
  362 | void HAL_LTDC_MspDeInit(LTDC_HandleTypeDef* hltdc)
      |                         ^~~~~~~~~~~~~~~~~~
C:/TouchGFXProjects/delay_screen/Core/Src/stm32f4xx_hal_msp.c:387:23: error: unknown type name 'QSPI_HandleTypeDef'
  387 | void HAL_QSPI_MspInit(QSPI_HandleTypeDef* hqspi)
      |                       ^~~~~~~~~~~~~~~~~~
C:/TouchGFXProjects/delay_screen/Core/Src/stm32f4xx_hal_msp.c:442:25: error: unknown type name 'QSPI_HandleTypeDef'
  442 | void HAL_QSPI_MspDeInit(QSPI_HandleTypeDef* hqspi)
      |                         ^~~~~~~~~~~~~~~~~~
C:/TouchGFXProjects/delay_screen/Core/Src/stm32f4xx_hal_msp.c:478:27: error: unknown type name 'TIM_HandleTypeDef'
  478 | void HAL_TIM_Base_MspInit(TIM_HandleTypeDef* htim_base)
      |                           ^~~~~~~~~~~~~~~~~
C:/TouchGFXProjects/delay_screen/Core/Src/stm32f4xx_hal_msp.c:500:29: error: unknown type name 'TIM_HandleTypeDef'
  500 | void HAL_TIM_Base_MspDeInit(TIM_HandleTypeDef* htim_base)
      |                             ^~~~~~~~~~~~~~~~~
C:/TouchGFXProjects/delay_screen/Core/Src/stm32f4xx_hal_msp.c:516:8: error: unknown type name 'uint32_t'
  516 | static uint32_t FMC_Initialized = 0;
      |        ^~~~~~~~
C:/TouchGFXProjects/delay_screen/Core/Src/stm32f4xx_hal_msp.c: In function 'HAL_FMC_MspInit':
C:/TouchGFXProjects/delay_screen/Core/Src/stm32f4xx_hal_msp.c:522:3: error: unknown type name 'GPIO_InitTypeDef'
  522 |   GPIO_InitTypeDef GPIO_InitStruct ={0};
      |   ^~~~~~~~~~~~~~~~
C:/TouchGFXProjects/delay_screen/Core/Src/stm32f4xx_hal_msp.c:529:3: warning: implicit declaration of function '__HAL_RCC_FMC_CLK_ENABLE' [-Wimplicit-function-declaration]
  529 |   __HAL_RCC_FMC_CLK_ENABLE();
      |   ^~~~~~~~~~~~~~~~~~~~~~~~
C:/TouchGFXProjects/delay_screen/Core/Src/stm32f4xx_hal_msp.c:589:18: error: request for member 'Pin' in something not a structure or union
  589 |   GPIO_InitStruct.Pin = GPIO_PIN_1|GPIO_PIN_0|GPIO_PIN_8|GPIO_PIN_9
      |                  ^
C:/TouchGFXProjects/delay_screen/Core/Src/stm32f4xx_hal_msp.c:589:25: error: 'GPIO_PIN_1' undeclared (first use in this function)
  589 |   GPIO_InitStruct.Pin = GPIO_PIN_1|GPIO_PIN_0|GPIO_PIN_8|GPIO_PIN_9
      |                         ^~~~~~~~~~
C:/TouchGFXProjects/delay_screen/Core/Src/stm32f4xx_hal_msp.c:589:36: error: 'GPIO_PIN_0' undeclared (first use in this function)
  589 |   GPIO_InitStruct.Pin = GPIO_PIN_1|GPIO_PIN_0|GPIO_PIN_8|GPIO_PIN_9
      |                                    ^~~~~~~~~~
C:/TouchGFXProjects/delay_screen/Core/Src/stm32f4xx_hal_msp.c:589:47: error: 'GPIO_PIN_8' undeclared (first use in this function)
  589 |   GPIO_InitStruct.Pin = GPIO_PIN_1|GPIO_PIN_0|GPIO_PIN_8|GPIO_PIN_9
      |                                               ^~~~~~~~~~
C:/TouchGFXProjects/delay_screen/Core/Src/stm32f4xx_hal_msp.c:589:58: error: 'GPIO_PIN_9' undeclared (first use in this function)
  589 |   GPIO_InitStruct.Pin = GPIO_PIN_1|GPIO_PIN_0|GPIO_PIN_8|GPIO_PIN_9
      |                                                          ^~~~~~~~~~
C:/TouchGFXProjects/delay_screen/Core/Src/stm32f4xx_hal_msp.c:590:28: error: 'GPIO_PIN_11' undeclared (first use in this function)
  590 |                           |GPIO_PIN_11|GPIO_PIN_14|GPIO_PIN_7|GPIO_PIN_10
      |                            ^~~~~~~~~~~
C:/TouchGFXProjects/delay_screen/Core/Src/stm32f4xx_hal_msp.c:590:40: error: 'GPIO_PIN_14' undeclared (first use in this function)
  590 |                           |GPIO_PIN_11|GPIO_PIN_14|GPIO_PIN_7|GPIO_PIN_10
      |                                        ^~~~~~~~~~~
C:/TouchGFXProjects/delay_screen/Core/Src/stm32f4xx_hal_msp.c:590:52: error: 'GPIO_PIN_7' undeclared (first use in this function)
  590 |                           |GPIO_PIN_11|GPIO_PIN_14|GPIO_PIN_7|GPIO_PIN_10
      |                                                    ^~~~~~~~~~
C:/TouchGFXProjects/delay_screen/Core/Src/stm32f4xx_hal_msp.c:590:63: error: 'GPIO_PIN_10' undeclared (first use in this function)
  590 |                           |GPIO_PIN_11|GPIO_PIN_14|GPIO_PIN_7|GPIO_PIN_10
      |                                                               ^~~~~~~~~~~
C:/TouchGFXProjects/delay_screen/Core/Src/stm32f4xx_hal_msp.c:591:28: error: 'GPIO_PIN_12' undeclared (first use in this function)
  591 |                           |GPIO_PIN_12|GPIO_PIN_15|GPIO_PIN_13;
      |                            ^~~~~~~~~~~
C:/TouchGFXProjects/delay_screen/Core/Src/stm32f4xx_hal_msp.c:591:40: error: 'GPIO_PIN_15' undeclared (first use in this function)
  591 |                           |GPIO_PIN_12|GPIO_PIN_15|GPIO_PIN_13;
      |                                        ^~~~~~~~~~~
C:/TouchGFXProjects/delay_screen/Core/Src/stm32f4xx_hal_msp.c:591:52: error: 'GPIO_PIN_13' undeclared (first use in this function)
  591 |                           |GPIO_PIN_12|GPIO_PIN_15|GPIO_PIN_13;
      |                                                    ^~~~~~~~~~~
C:/TouchGFXProjects/delay_screen/Core/Src/stm32f4xx_hal_msp.c:592:18: error: request for member 'Mode' in something not a structure or union
  592 |   GPIO_InitStruct.Mode = GPIO_MODE_AF_PP;
      |                  ^
C:/TouchGFXProjects/delay_screen/Core/Src/stm32f4xx_hal_msp.c:592:26: error: 'GPIO_MODE_AF_PP' undeclared (first use in this function)
  592 |   GPIO_InitStruct.Mode = GPIO_MODE_AF_PP;
      |                          ^~~~~~~~~~~~~~~
C:/TouchGFXProjects/delay_screen/Core/Src/stm32f4xx_hal_msp.c:593:18: error: request for member 'Pull' in something not a structure or union
  593 |   GPIO_InitStruct.Pull = GPIO_NOPULL;
      |                  ^
C:/TouchGFXProjects/delay_screen/Core/Src/stm32f4xx_hal_msp.c:593:26: error: 'GPIO_NOPULL' undeclared (first use in this function)
  593 |   GPIO_InitStruct.Pull = GPIO_NOPULL;
      |                          ^~~~~~~~~~~
C:/TouchGFXProjects/delay_screen/Core/Src/stm32f4xx_hal_msp.c:594:18: error: request for member 'Speed' in something not a structure or union
  594 |   GPIO_InitStruct.Speed = GPIO_SPEED_FREQ_VERY_HIGH;
      |                  ^
C:/TouchGFXProjects/delay_screen/Core/Src/stm32f4xx_hal_msp.c:594:27: error: 'GPIO_SPEED_FREQ_VERY_HIGH' undeclared (first use in this function)
  594 |   GPIO_InitStruct.Speed = GPIO_SPEED_FREQ_VERY_HIGH;
      |                           ^~~~~~~~~~~~~~~~~~~~~~~~~
C:/TouchGFXProjects/delay_screen/Core/Src/stm32f4xx_hal_msp.c:595:18: error: request for member 'Alternate' in something not a structure or union
  595 |   GPIO_InitStruct.Alternate = GPIO_AF12_FMC;
      |                  ^
C:/TouchGFXProjects/delay_screen/Core/Src/stm32f4xx_hal_msp.c:595:31: error: 'GPIO_AF12_FMC' undeclared (first use in this function)
  595 |   GPIO_InitStruct.Alternate = GPIO_AF12_FMC;
      |                               ^~~~~~~~~~~~~
C:/TouchGFXProjects/delay_screen/Core/Src/stm32f4xx_hal_msp.c:596:3: warning: implicit declaration of function 'HAL_GPIO_Init'; did you mean 'HAL_MspInit'? [-Wimplicit-function-declaration]
  596 |   HAL_GPIO_Init(GPIOE, &GPIO_InitStruct);
      |   ^~~~~~~~~~~~~
      |   HAL_MspInit
C:/TouchGFXProjects/delay_screen/Core/Src/stm32f4xx_hal_msp.c:596:17: error: 'GPIOE' undeclared (first use in this function)
  596 |   HAL_GPIO_Init(GPIOE, &GPIO_InitStruct);
      |                 ^~~~~
C:/TouchGFXProjects/delay_screen/Core/Src/stm32f4xx_hal_msp.c:598:18: error: request for member 'Pin' in something not a structure or union
  598 |   GPIO_InitStruct.Pin = GPIO_PIN_15|GPIO_PIN_8|GPIO_PIN_1|GPIO_PIN_0
      |                  ^
C:/TouchGFXProjects/delay_screen/Core/Src/stm32f4xx_hal_msp.c:599:28: error: 'GPIO_PIN_5' undeclared (first use in this function)
  599 |                           |GPIO_PIN_5|GPIO_PIN_4;
      |                            ^~~~~~~~~~
C:/TouchGFXProjects/delay_screen/Core/Src/stm32f4xx_hal_msp.c:599:39: error: 'GPIO_PIN_4' undeclared (first use in this function)
  599 |                           |GPIO_PIN_5|GPIO_PIN_4;
      |                                       ^~~~~~~~~~
C:/TouchGFXProjects/delay_screen/Core/Src/stm32f4xx_hal_msp.c:600:18: error: request for member 'Mode' in something not a structure or union
  600 |   GPIO_InitStruct.Mode = GPIO_MODE_AF_PP;
      |                  ^
C:/TouchGFXProjects/delay_screen/Core/Src/stm32f4xx_hal_msp.c:601:18: error: request for member 'Pull' in something not a structure or union
  601 |   GPIO_InitStruct.Pull = GPIO_NOPULL;
      |                  ^
C:/TouchGFXProjects/delay_screen/Core/Src/stm32f4xx_hal_msp.c:602:18: error: request for member 'Speed' in something not a structure or union
  602 |   GPIO_InitStruct.Speed = GPIO_SPEED_FREQ_VERY_HIGH;
      |                  ^
C:/TouchGFXProjects/delay_screen/Core/Src/stm32f4xx_hal_msp.c:603:18: error: request for member 'Alternate' in something not a structure or union
  603 |   GPIO_InitStruct.Alternate = GPIO_AF12_FMC;
      |                  ^
C:/TouchGFXProjects/delay_screen/Core/Src/stm32f4xx_hal_msp.c:604:17: error: 'GPIOG' undeclared (first use in this function)
  604 |   HAL_GPIO_Init(GPIOG, &GPIO_InitStruct);
      |                 ^~~~~
C:/TouchGFXProjects/delay_screen/Core/Src/stm32f4xx_hal_msp.c:606:18: error: request for member 'Pin' in something not a structure or union
  606 |   GPIO_InitStruct.Pin = GPIO_PIN_0|GPIO_PIN_1|GPIO_PIN_15|GPIO_PIN_10
      |                  ^
C:/TouchGFXProjects/delay_screen/Core/Src/stm32f4xx_hal_msp.c:608:18: error: request for member 'Mode' in something not a structure or union
  608 |   GPIO_InitStruct.Mode = GPIO_MODE_AF_PP;
      |                  ^
C:/TouchGFXProjects/delay_screen/Core/Src/stm32f4xx_hal_msp.c:609:18: error: request for member 'Pull' in something not a structure or union
  609 |   GPIO_InitStruct.Pull = GPIO_NOPULL;
      |                  ^
C:/TouchGFXProjects/delay_screen/Core/Src/stm32f4xx_hal_msp.c:610:18: error: request for member 'Speed' in something not a structure or union
  610 |   GPIO_InitStruct.Speed = GPIO_SPEED_FREQ_VERY_HIGH;
      |                  ^
C:/TouchGFXProjects/delay_screen/Core/Src/stm32f4xx_hal_msp.c:611:18: error: request for member 'Alternate' in something not a structure or union
  611 |   GPIO_InitStruct.Alternate = GPIO_AF12_FMC;
      |                  ^
C:/TouchGFXProjects/delay_screen/Core/Src/stm32f4xx_hal_msp.c:612:17: error: 'GPIOD' undeclared (first use in this function)
  612 |   HAL_GPIO_Init(GPIOD, &GPIO_InitStruct);
      |                 ^~~~~
C:/TouchGFXProjects/delay_screen/Core/Src/stm32f4xx_hal_msp.c:614:18: error: request for member 'Pin' in something not a structure or union
  614 |   GPIO_InitStruct.Pin = GPIO_PIN_4|GPIO_PIN_3|GPIO_PIN_2|GPIO_PIN_5
      |                  ^
C:/TouchGFXProjects/delay_screen/Core/Src/stm32f4xx_hal_msp.c:614:36: error: 'GPIO_PIN_3' undeclared (first use in this function)
  614 |   GPIO_InitStruct.Pin = GPIO_PIN_4|GPIO_PIN_3|GPIO_PIN_2|GPIO_PIN_5
      |                                    ^~~~~~~~~~
C:/TouchGFXProjects/delay_screen/Core/Src/stm32f4xx_hal_msp.c:614:47: error: 'GPIO_PIN_2' undeclared (first use in this function)
  614 |   GPIO_InitStruct.Pin = GPIO_PIN_4|GPIO_PIN_3|GPIO_PIN_2|GPIO_PIN_5
      |                                               ^~~~~~~~~~
C:/TouchGFXProjects/delay_screen/Core/Src/stm32f4xx_hal_msp.c:615:51: error: 'GPIO_PIN_6' undeclared (first use in this function)
  615 |                           |GPIO_PIN_7|GPIO_PIN_10|GPIO_PIN_6|GPIO_PIN_1
      |                                                   ^~~~~~~~~~
C:/TouchGFXProjects/delay_screen/Core/Src/stm32f4xx_hal_msp.c:617:18: error: request for member 'Mode' in something not a structure or union
  617 |   GPIO_InitStruct.Mode = GPIO_MODE_AF_PP;
      |                  ^
C:/TouchGFXProjects/delay_screen/Core/Src/stm32f4xx_hal_msp.c:618:18: error: request for member 'Pull' in something not a structure or union
  618 |   GPIO_InitStruct.Pull = GPIO_NOPULL;
      |                  ^
C:/TouchGFXProjects/delay_screen/Core/Src/stm32f4xx_hal_msp.c:619:18: error: request for member 'Speed' in something not a structure or union
  619 |   GPIO_InitStruct.Speed = GPIO_SPEED_FREQ_VERY_HIGH;
      |                  ^
C:/TouchGFXProjects/delay_screen/Core/Src/stm32f4xx_hal_msp.c:620:18: error: request for member 'Alternate' in something not a structure or union
  620 |   GPIO_InitStruct.Alternate = GPIO_AF12_FMC;
      |                  ^
C:/TouchGFXProjects/delay_screen/Core/Src/stm32f4xx_hal_msp.c:621:17: error: 'GPIOI' undeclared (first use in this function)
  621 |   HAL_GPIO_Init(GPIOI, &GPIO_InitStruct);
      |                 ^~~~~
C:/TouchGFXProjects/delay_screen/Core/Src/stm32f4xx_hal_msp.c:623:18: error: request for member 'Pin' in something not a structure or union
  623 |   GPIO_InitStruct.Pin = GPIO_PIN_0|GPIO_PIN_1|GPIO_PIN_2|GPIO_PIN_3
      |                  ^
C:/TouchGFXProjects/delay_screen/Core/Src/stm32f4xx_hal_msp.c:626:18: error: request for member 'Mode' in something not a structure or union
  626 |   GPIO_InitStruct.Mode = GPIO_MODE_AF_PP;
      |                  ^
C:/TouchGFXProjects/delay_screen/Core/Src/stm32f4xx_hal_msp.c:627:18: error: request for member 'Pull' in something not a structure or union
  627 |   GPIO_InitStruct.Pull = GPIO_NOPULL;
      |                  ^
C:/TouchGFXProjects/delay_screen/Core/Src/stm32f4xx_hal_msp.c:628:18: error: request for member 'Speed' in something not a structure or union
  628 |   GPIO_InitStruct.Speed = GPIO_SPEED_FREQ_VERY_HIGH;
      |                  ^
C:/TouchGFXProjects/delay_screen/Core/Src/stm32f4xx_hal_msp.c:629:18: error: request for member 'Alternate' in something not a structure or union
  629 |   GPIO_InitStruct.Alternate = GPIO_AF12_FMC;
      |                  ^
C:/TouchGFXProjects/delay_screen/Core/Src/stm32f4xx_hal_msp.c:630:17: error: 'GPIOF' undeclared (first use in this function)
  630 |   HAL_GPIO_Init(GPIOF, &GPIO_InitStruct);
      |                 ^~~~~
C:/TouchGFXProjects/delay_screen/Core/Src/stm32f4xx_hal_msp.c:632:18: error: request for member 'Pin' in something not a structure or union
  632 |   GPIO_InitStruct.Pin = GPIO_PIN_15|GPIO_PIN_13|GPIO_PIN_14|GPIO_PIN_12
      |                  ^
C:/TouchGFXProjects/delay_screen/Core/Src/stm32f4xx_hal_msp.c:634:18: error: request for member 'Mode' in something not a structure or union
  634 |   GPIO_InitStruct.Mode = GPIO_MODE_AF_PP;
      |                  ^
C:/TouchGFXProjects/delay_screen/Core/Src/stm32f4xx_hal_msp.c:635:18: error: request for member 'Pull' in something not a structure or union
  635 |   GPIO_InitStruct.Pull = GPIO_NOPULL;
      |                  ^
C:/TouchGFXProjects/delay_screen/Core/Src/stm32f4xx_hal_msp.c:636:18: error: request for member 'Speed' in something not a structure or union
  636 |   GPIO_InitStruct.Speed = GPIO_SPEED_FREQ_VERY_HIGH;
[...]
arm-none-eabi-g++ "C:/TouchGFXProjects/paleo_scan/TouchGFX/generated/texts/src/TypedTextDatabase.cpp" -mcpu=cortex-m4 -std=gnu++14 -g3 -DUSE_HAL_DRIVER -DSTM32F469xx -DDEBUG -c -I../../Core/Inc -I../../Drivers/CMSIS/Include -I../../TouchGFX/target -I../../Drivers/CMSIS/Device/ST/STM32F4xx/Include -I../../TouchGFX/App -I../../Middlewares/Third_Party/FreeRTOS/Source/CMSIS_RTOS_V2 -I../../TouchGFX/target/generated -I../../Drivers/BSP/Components/Common -I../../Middlewares/Third_Party/FreeRTOS/Source/include -I../../Drivers/STM32F4xx_HAL_Driver/Inc/Legacy -I../../Middlewares/Third_Party/FreeRTOS/Source/portable/GCC/ARM_CM4F -I../../Drivers/BSP/STM32469I-Discovery -I../../Drivers/STM32F4xx_HAL_Driver/Inc -I../../Middlewares/ST/touchgfx/framework/include -I../../TouchGFX/generated/fonts/include -I../../TouchGFX/generated/gui_generated/include -I../../TouchGFX/generated/images/include -I../../TouchGFX/generated/texts/include -I../../TouchGFX/gui/include -I../../TouchGFX/generated/videos/include -Os -ffunction-sections -fdata-sections -fno-exceptions -fno-rtti -fno-use-cxa-atexit -Wall -femit-class-debug-always -fstack-usage -MMD -MP -MF"Application/User/generated/TypedTextDatabase.d" -MT"Application/User/generated/TypedTextDatabase.o" --specs=nano.specs -mfpu=fpv4-sp-d16 -mfloat-abi=hard -mthumb -o "Application/User/generated/TypedTextDatabase.o"
arm-none-eabi-g++ "C:/TouchGFXProjects/paleo_scan/TouchGFX/target/generated/TouchGFXConfiguration.cpp" -mcpu=cortex-m4 -std=gnu++14 -g3 -DUSE_HAL_DRIVER -DSTM32F469xx -DDEBUG -c -I../../Core/Inc -I../../Drivers/CMSIS/Include -I../../TouchGFX/target -I../../Drivers/CMSIS/Device/ST/STM32F4xx/Include -I../../TouchGFX/App -I../../Middlewares/Third_Party/FreeRTOS/Source/CMSIS_RTOS_V2 -I../../TouchGFX/target/generated -I../../Drivers/BSP/Components/Common -I../../Middlewares/Third_Party/FreeRTOS/Source/include -I../../Drivers/STM32F4xx_HAL_Driver/Inc/Legacy -I../../Middlewares/Third_Party/FreeRTOS/Source/portable/GCC/ARM_CM4F -I../../Drivers/BSP/STM32469I-Discovery -I../../Drivers/STM32F4xx_HAL_Driver/Inc -I../../Middlewares/ST/touchgfx/framework/include -I../../TouchGFX/generated/fonts/include -I../../TouchGFX/generated/gui_generated/include -I../../TouchGFX/generated/images/include -I../../TouchGFX/generated/texts/include -I../../TouchGFX/gui/include -I../../TouchGFX/generated/videos/include -Os -ffunction-sections -fdata-sections -fno-exceptions -fno-rtti -fno-use-cxa-atexit -Wall -femit-class-debug-always -fstack-usage -MMD -MP -MF"Application/User/TouchGFX/target/generated/TouchGFXConfiguration.d" -MT"Application/User/TouchGFX/target/generated/TouchGFXConfiguration.o" --specs=nano.specs -mfpu=fpv4-sp-d16 -mfloat-abi=hard -mthumb -o "Application/User/TouchGFX/target/generated/TouchGFXConfiguration.o"
arm-none-eabi-g++ "C:/TouchGFXProjects/paleo_scan/TouchGFX/target/generated/TouchGFXGeneratedHAL.cpp" -mcpu=cortex-m4 -std=gnu++14 -g3 -DUSE_HAL_DRIVER -DSTM32F469xx -DDEBUG -c -I../../Core/Inc -I../../Drivers/CMSIS/Include -I../../TouchGFX/target -I../../Drivers/CMSIS/Device/ST/STM32F4xx/Include -I../../TouchGFX/App -I../../Middlewares/Third_Party/FreeRTOS/Source/CMSIS_RTOS_V2 -I../../TouchGFX/target/generated -I../../Drivers/BSP/Components/Common -I../../Middlewares/Third_Party/FreeRTOS/Source/include -I../../Drivers/STM32F4xx_HAL_Driver/Inc/Legacy -I../../Middlewares/Third_Party/FreeRTOS/Source/portable/GCC/ARM_CM4F -I../../Drivers/BSP/STM32469I-Discovery -I../../Drivers/STM32F4xx_HAL_Driver/Inc -I../../Middlewares/ST/touchgfx/framework/include -I../../TouchGFX/generated/fonts/include -I../../TouchGFX/generated/gui_generated/include -I../../TouchGFX/generated/images/include -I../../TouchGFX/generated/texts/include -I../../TouchGFX/gui/include -I../../TouchGFX/generated/videos/include -Os -ffunction-sections -fdata-sections -fno-exceptions -fno-rtti -fno-use-cxa-atexit -Wall -femit-class-debug-always -fstack-usage -MMD -MP -MF"Application/User/TouchGFX/target/generated/TouchGFXGeneratedHAL.d" -MT"Application/User/TouchGFX/target/generated/TouchGFXGeneratedHAL.o" --specs=nano.specs -mfpu=fpv4-sp-d16 -mfloat-abi=hard -mthumb -o "Application/User/TouchGFX/target/generated/TouchGFXGeneratedHAL.o"
arm-none-eabi-g++ -o "STM32F469I-DISCO.elf" @"objects.list"  -l:libtouchgfx-float-abi-hard.a -mcpu=cortex-m4 -T"C:\TouchGFXProjects\paleo_scan\STM32CubeIDE\STM32F469NIHX_FLASH.ld" --specs=nosys.specs -Wl,-Map="STM32F469I-DISCO.map" -Wl,--gc-sections -static -LC:/git/STM32F469-dk/stm32f469i_disco/STM32F469I-DISCO/Middlewares/ST/touchgfx/lib/core/cortex_m4f/gcc -LC:/git/stm32f469i_disco/STM32F469I-DISCO/Middlewares/ST/touchgfx/lib/core/cortex_m4f/gcc -LC:/TouchGFXProjects/paleo_scan/Middlewares/ST/touchgfx/lib/core/cortex_m4f/gcc --specs=nano.specs -mfpu=fpv4-sp-d16 -mfloat-abi=hard -mthumb -Wl,--start-group -lc -lm -lstdc++ -lsupc++ -Wl,--end-group
Finished building target: STM32F469I-DISCO.elf
 
arm-none-eabi-size   STM32F469I-DISCO.elf 
arm-none-eabi-objdump -h -S  STM32F469I-DISCO.elf  > "STM32F469I-DISCO.list"
arm-none-eabi-objcopy  -O ihex  STM32F469I-DISCO.elf  "STM32F469I-DISCO.hex"
   text	   data	    bss	    dec	    hex	filename
2647008	    420	  72572	2720000	 298100	STM32F469I-DISCO.elf
Finished building: default.size.stdout
 
Finished building: STM32F469I-DISCO.hex
 
Finished building: STM32F469I-DISCO.list
 
23:32:36 **** Incremental Build of configuration Debug for project STM32F469I-DISCO ****
make -j8 all 
arm-none-eabi-size   STM32F469I-DISCO.elf 
   text	   data	    bss	    dec	    hex	filename
2647008	    420	  72572	2720000	 298100	STM32F469I-DISCO.elf
Finished building: default.size.stdout
 
23:49:40 **** Incremental Build of configuration Debug for project STM32F469I-DISCO ****
make -j8 all 
arm-none-eabi-g++ "C:/TouchGFXProjects/paleo_scan/TouchGFX/generated/gui_generated/src/calibration_screen/CalibrationViewBase.cpp" -mcpu=cortex-m4 -std=gnu++14 -g3 -DUSE_HAL_DRIVER -DSTM32F469xx -DDEBUG -c -I../../Core/Inc -I../../Drivers/CMSIS/Include -I../../TouchGFX/target -I../../Drivers/CMSIS/Device/ST/STM32F4xx/Include -I../../TouchGFX/App -I../../Middlewares/Third_Party/FreeRTOS/Source/CMSIS_RTOS_V2 -I../../TouchGFX/target/generated -I../../Drivers/BSP/Components/Common -I../../Middlewares/Third_Party/FreeRTOS/Source/include -I../../Drivers/STM32F4xx_HAL_Driver/Inc/Legacy -I../../Middlewares/Third_Party/FreeRTOS/Source/portable/GCC/ARM_CM4F -I../../Drivers/BSP/STM32469I-Discovery -I../../Drivers/STM32F4xx_HAL_Driver/Inc -I../../Middlewares/ST/touchgfx/framework/include -I../../TouchGFX/generated/fonts/include -I../../TouchGFX/generated/gui_generated/include -I../../TouchGFX/generated/images/include -I../../TouchGFX/generated/texts/include -I../../TouchGFX/gui/include -I../../TouchGFX/generated/videos/include -Os -ffunction-sections -fdata-sections -fno-exceptions -fno-rtti -fno-use-cxa-atexit -Wall -femit-class-debug-always -fstack-usage -MMD -MP -MF"Application/User/generated/CalibrationViewBase.d" -MT"Application/User/generated/CalibrationViewBase.o" --specs=nano.specs -mfpu=fpv4-sp-d16 -mfloat-abi=hard -mthumb -o "Application/User/generated/CalibrationViewBase.o"
arm-none-eabi-g++ "C:/TouchGFXProjects/paleo_scan/TouchGFX/generated/texts/src/TypedTextDatabase.cpp" -mcpu=cortex-m4 -std=gnu++14 -g3 -DUSE_HAL_DRIVER -DSTM32F469xx -DDEBUG -c -I../../Core/Inc -I../../Drivers/CMSIS/Include -I../../TouchGFX/target -I../../Drivers/CMSIS/Device/ST/STM32F4xx/Include -I../../TouchGFX/App -I../../Middlewares/Third_Party/FreeRTOS/Source/CMSIS_RTOS_V2 -I../../TouchGFX/target/generated -I../../Drivers/BSP/Components/Common -I../../Middlewares/Third_Party/FreeRTOS/Source/include -I../../Drivers/STM32F4xx_HAL_Driver/Inc/Legacy -I../../Middlewares/Third_Party/FreeRTOS/Source/portable/GCC/ARM_CM4F -I../../Drivers/BSP/STM32469I-Discovery -I../../Drivers/STM32F4xx_HAL_Driver/Inc -I../../Middlewares/ST/touchgfx/framework/include -I../../TouchGFX/generated/fonts/include -I../../TouchGFX/generated/gui_generated/include -I../../TouchGFX/generated/images/include -I../../TouchGFX/generated/texts/include -I../../TouchGFX/gui/include -I../../TouchGFX/generated/videos/include -Os -ffunction-sections -fdata-sections -fno-exceptions -fno-rtti -fno-use-cxa-atexit -Wall -femit-class-debug-always -fstack-usage -MMD -MP -MF"Application/User/generated/TypedTextDatabase.d" -MT"Application/User/generated/TypedTextDatabase.o" --specs=nano.specs -mfpu=fpv4-sp-d16 -mfloat-abi=hard -mthumb -o "Application/User/generated/TypedTextDatabase.o"
arm-none-eabi-g++ -o "STM32F469I-DISCO.elf" @"objects.list"  -l:libtouchgfx-float-abi-hard.a -mcpu=cortex-m4 -T"C:\TouchGFXProjects\paleo_scan\STM32CubeIDE\STM32F469NIHX_FLASH.ld" --specs=nosys.specs -Wl,-Map="STM32F469I-DISCO.map" -Wl,--gc-sections -static -LC:/git/STM32F469-dk/stm32f469i_disco/STM32F469I-DISCO/Middlewares/ST/touchgfx/lib/core/cortex_m4f/gcc -LC:/git/stm32f469i_disco/STM32F469I-DISCO/Middlewares/ST/touchgfx/lib/core/cortex_m4f/gcc -LC:/TouchGFXProjects/paleo_scan/Middlewares/ST/touchgfx/lib/core/cortex_m4f/gcc --specs=nano.specs -mfpu=fpv4-sp-d16 -mfloat-abi=hard -mthumb -Wl,--start-group -lc -lm -lstdc++ -lsupc++ -Wl,--end-group
Finished building target: STM32F469I-DISCO.elf
 
arm-none-eabi-size   STM32F469I-DISCO.elf 
arm-none-eabi-objdump -h -S  STM32F469I-DISCO.elf  > "STM32F469I-DISCO.list"
arm-none-eabi-objcopy  -O ihex  STM32F469I-DISCO.elf  "STM32F469I-DISCO.hex"
   text	   data	    bss	    dec	    hex	filename
2647008	    420	  72572	2720000	 298100	STM32F469I-DISCO.elf
Finished building: default.size.stdout
 
Finished building: STM32F469I-DISCO.hex
 
Finished building: STM32F469I-DISCO.list
 
23:49:50 **** Incremental Build of configuration Debug for project STM32F469I-DISCO ****
make -j8 all 
arm-none-eabi-size   STM32F469I-DISCO.elf 
   text	   data	    bss	    dec	    hex	filename
2647008	    420	  72572	2720000	 298100	STM32F469I-DISCO.elf
Finished building: default.size.stdout
 
23:51:18 **** Incremental Build of configuration Debug for project STM32F469I-DISCO ****
make -j8 all 
arm-none-eabi-size   STM32F469I-DISCO.elf 
   text	   data	    bss	    dec	    hex	filename
2647008	    420	  72572	2720000	 298100	STM32F469I-DISCO.elf
Finished building: default.size.stdout
 
17:55:40 **** Incremental Build of configuration Debug for project STM32F469I-DISCO ****
make -j8 all 
arm-none-eabi-g++ "C:/TouchGFXProjects/paleo_scan/TouchGFX/gui/src/automatic_screen/AutomaticView.cpp" -mcpu=cortex-m4 -std=gnu++14 -g3 -DUSE_HAL_DRIVER -DSTM32F469xx -DDEBUG -c -I../../Core/Inc -I../../Drivers/CMSIS/Include -I../../TouchGFX/target -I../../Drivers/CMSIS/Device/ST/STM32F4xx/Include -I../../TouchGFX/App -I../../Middlewares/Third_Party/FreeRTOS/Source/CMSIS_RTOS_V2 -I../../TouchGFX/target/generated -I../../Drivers/BSP/Components/Common -I../../Middlewares/Third_Party/FreeRTOS/Source/include -I../../Drivers/STM32F4xx_HAL_Driver/Inc/Legacy -I../../Middlewares/Third_Party/FreeRTOS/Source/portable/GCC/ARM_CM4F -I../../Drivers/BSP/STM32469I-Discovery -I../../Drivers/STM32F4xx_HAL_Driver/Inc -I../../Middlewares/ST/touchgfx/framework/include -I../../TouchGFX/generated/fonts/include -I../../TouchGFX/generated/gui_generated/include -I../../TouchGFX/generated/images/include -I../../TouchGFX/generated/texts/include -I../../TouchGFX/gui/include -I../../TouchGFX/generated/videos/include -Os -ffunction-sections -fdata-sections -fno-exceptions -fno-rtti -fno-use-cxa-atexit -Wall -femit-class-debug-always -fstack-usage -MMD -MP -MF"Application/User/gui/AutomaticView.d" -MT"Application/User/gui/AutomaticView.o" --specs=nano.specs -mfpu=fpv4-sp-d16 -mfloat-abi=hard -mthumb -o "Application/User/gui/AutomaticView.o"
arm-none-eabi-g++ -o "STM32F469I-DISCO.elf" @"objects.list"  -l:libtouchgfx-float-abi-hard.a -mcpu=cortex-m4 -T"C:\TouchGFXProjects\paleo_scan\STM32CubeIDE\STM32F469NIHX_FLASH.ld" --specs=nosys.specs -Wl,-Map="STM32F469I-DISCO.map" -Wl,--gc-sections -static -LC:/git/STM32F469-dk/stm32f469i_disco/STM32F469I-DISCO/Middlewares/ST/touchgfx/lib/core/cortex_m4f/gcc -LC:/git/stm32f469i_disco/STM32F469I-DISCO/Middlewares/ST/touchgfx/lib/core/cortex_m4f/gcc -LC:/TouchGFXProjects/paleo_scan/Middlewares/ST/touchgfx/lib/core/cortex_m4f/gcc --specs=nano.specs -mfpu=fpv4-sp-d16 -mfloat-abi=hard -mthumb -Wl,--start-group -lc -lm -lstdc++ -lsupc++ -Wl,--end-group
Finished building target: STM32F469I-DISCO.elf
 
arm-none-eabi-size   STM32F469I-DISCO.elf 
arm-none-eabi-objdump -h -S  STM32F469I-DISCO.elf  > "STM32F469I-DISCO.list"
   text	   data	    bss	    dec	    hex	filename
2647024	    420	  72572	2720016	 298110	STM32F469I-DISCO.elf
arm-none-eabi-objcopy  -O ihex  STM32F469I-DISCO.elf  "STM32F469I-DISCO.hex"
Finished building: default.size.stdout
 
Finished building: STM32F469I-DISCO.hex
 
Finished building: STM32F469I-DISCO.list
 
17:57:12 **** Incremental Build of configuration Debug for project STM32F469I-DISCO ****
make -j8 all 
arm-none-eabi-size   STM32F469I-DISCO.elf 
   text	   data	    bss	    dec	    hex	filename
2647024	    420	  72572	2720016	 298110	STM32F469I-DISCO.elf
Finished building: default.size.stdout
 
18:00:10 **** Incremental Build of configuration Debug for project STM32F469I-DISCO ****
make -j8 all 
arm-none-eabi-g++ "C:/TouchGFXProjects/paleo_scan/TouchGFX/gui/src/automatic_screen/AutomaticView.cpp" -mcpu=cortex-m4 -std=gnu++14 -g3 -DUSE_HAL_DRIVER -DSTM32F469xx -DDEBUG -c -I../../Core/Inc -I../../Drivers/CMSIS/Include -I../../TouchGFX/target -I../../Drivers/CMSIS/Device/ST/STM32F4xx/Include -I../../TouchGFX/App -I../../Middlewares/Third_Party/FreeRTOS/Source/CMSIS_RTOS_V2 -I../../TouchGFX/target/generated -I../../Drivers/BSP/Components/Common -I../../Middlewares/Third_Party/FreeRTOS/Source/include -I../../Drivers/STM32F4xx_HAL_Driver/Inc/Legacy -I../../Middlewares/Third_Party/FreeRTOS/Source/portable/GCC/ARM_CM4F -I../../Drivers/BSP/STM32469I-Discovery -I../../Drivers/STM32F4xx_HAL_Driver/Inc -I../../Middlewares/ST/touchgfx/framework/include -I../../TouchGFX/generated/fonts/include -I../../TouchGFX/generated/gui_generated/include -I../../TouchGFX/generated/images/include -I../../TouchGFX/generated/texts/include -I../../TouchGFX/gui/include -I../../TouchGFX/generated/videos/include -Os -ffunction-sections -fdata-sections -fno-exceptions -fno-rtti -fno-use-cxa-atexit -Wall -femit-class-debug-always -fstack-usage -MMD -MP -MF"Application/User/gui/AutomaticView.d" -MT"Application/User/gui/AutomaticView.o" --specs=nano.specs -mfpu=fpv4-sp-d16 -mfloat-abi=hard -mthumb -o "Application/User/gui/AutomaticView.o"
C:/TouchGFXProjects/paleo_scan/TouchGFX/gui/src/automatic_screen/AutomaticView.cpp:10:20: warning: division by zero [-Wdiv-by-zero]
   10 | int offs_max_y = 65/0;
      |                  ~~^~
arm-none-eabi-g++ -o "STM32F469I-DISCO.elf" @"objects.list"  -l:libtouchgfx-float-abi-hard.a -mcpu=cortex-m4 -T"C:\TouchGFXProjects\paleo_scan\STM32CubeIDE\STM32F469NIHX_FLASH.ld" --specs=nosys.specs -Wl,-Map="STM32F469I-DISCO.map" -Wl,--gc-sections -static -LC:/git/STM32F469-dk/stm32f469i_disco/STM32F469I-DISCO/Middlewares/ST/touchgfx/lib/core/cortex_m4f/gcc -LC:/git/stm32f469i_disco/STM32F469I-DISCO/Middlewares/ST/touchgfx/lib/core/cortex_m4f/gcc -LC:/TouchGFXProjects/paleo_scan/Middlewares/ST/touchgfx/lib/core/cortex_m4f/gcc --specs=nano.specs -mfpu=fpv4-sp-d16 -mfloat-abi=hard -mthumb -Wl,--start-group -lc -lm -lstdc++ -lsupc++ -Wl,--end-group
Finished building target: STM32F469I-DISCO.elf
 
arm-none-eabi-size   STM32F469I-DISCO.elf 
arm-none-eabi-objdump -h -S  STM32F469I-DISCO.elf  > "STM32F469I-DISCO.list"
arm-none-eabi-objcopy  -O ihex  STM32F469I-DISCO.elf  "STM32F469I-DISCO.hex"
   text	   data	    bss	    dec	    hex	filename
2646928	    416	  72576	2719920	 2980b0	STM32F469I-DISCO.elf
Finished building: default.size.stdout
 
Finished building: STM32F469I-DISCO.hex
 
Finished building: STM32F469I-DISCO.list
 
18:06:00 **** Incremental Build of configuration Debug for project STM32F469I-DISCO ****
make -j8 all 
arm-none-eabi-g++ "C:/TouchGFXProjects/paleo_scan/TouchGFX/gui/src/automatic_screen/AutomaticView.cpp" -mcpu=cortex-m4 -std=gnu++14 -g3 -DUSE_HAL_DRIVER -DSTM32F469xx -DDEBUG -c -I../../Core/Inc -I../../Drivers/CMSIS/Include -I../../TouchGFX/target -I../../Drivers/CMSIS/Device/ST/STM32F4xx/Include -I../../TouchGFX/App -I../../Middlewares/Third_Party/FreeRTOS/Source/CMSIS_RTOS_V2 -I../../TouchGFX/target/generated -I../../Drivers/BSP/Components/Common -I../../Middlewares/Third_Party/FreeRTOS/Source/include -I../../Drivers/STM32F4xx_HAL_Driver/Inc/Legacy -I../../Middlewares/Third_Party/FreeRTOS/Source/portable/GCC/ARM_CM4F -I../../Drivers/BSP/STM32469I-Discovery -I../../Drivers/STM32F4xx_HAL_Driver/Inc -I../../Middlewares/ST/touchgfx/framework/include -I../../TouchGFX/generated/fonts/include -I../../TouchGFX/generated/gui_generated/include -I../../TouchGFX/generated/images/include -I../../TouchGFX/generated/texts/include -I../../TouchGFX/gui/include -I../../TouchGFX/generated/videos/include -Os -ffunction-sections -fdata-sections -fno-exceptions -fno-rtti -fno-use-cxa-atexit -Wall -femit-class-debug-always -fstack-usage -MMD -MP -MF"Application/User/gui/AutomaticView.d" -MT"Application/User/gui/AutomaticView.o" --specs=nano.specs -mfpu=fpv4-sp-d16 -mfloat-abi=hard -mthumb -o "Application/User/gui/AutomaticView.o"
arm-none-eabi-g++ -o "STM32F469I-DISCO.elf" @"objects.list"  -l:libtouchgfx-float-abi-hard.a -mcpu=cortex-m4 -T"C:\TouchGFXProjects\paleo_scan\STM32CubeIDE\STM32F469NIHX_FLASH.ld" --specs=nosys.specs -Wl,-Map="STM32F469I-DISCO.map" -Wl,--gc-sections -static -LC:/git/STM32F469-dk/stm32f469i_disco/STM32F469I-DISCO/Middlewares/ST/touchgfx/lib/core/cortex_m4f/gcc -LC:/git/stm32f469i_disco/STM32F469I-DISCO/Middlewares/ST/touchgfx/lib/core/cortex_m4f/gcc -LC:/TouchGFXProjects/paleo_scan/Middlewares/ST/touchgfx/lib/core/cortex_m4f/gcc --specs=nano.specs -mfpu=fpv4-sp-d16 -mfloat-abi=hard -mthumb -Wl,--start-group -lc -lm -lstdc++ -lsupc++ -Wl,--end-group
Finished building target: STM32F469I-DISCO.elf
 
arm-none-eabi-size   STM32F469I-DISCO.elf 
arm-none-eabi-objdump -h -S  STM32F469I-DISCO.elf  > "STM32F469I-DISCO.list"
arm-none-eabi-objcopy  -O ihex  STM32F469I-DISCO.elf  "STM32F469I-DISCO.hex"
   text	   data	    bss	    dec	    hex	filename
2647024	    420	  72572	2720016	 298110	STM32F469I-DISCO.elf
Finished building: default.size.stdout
 
Finished building: STM32F469I-DISCO.hex
 
Finished building: STM32F469I-DISCO.list
 
18:13:19 **** Incremental Build of configuration Debug for project STM32F469I-DISCO ****
make -j8 all 
arm-none-eabi-size   STM32F469I-DISCO.elf 
   text	   data	    bss	    dec	    hex	filename
2647024	    420	  72572	2720016	 298110	STM32F469I-DISCO.elf
Finished building: default.size.stdout
 
