19:45:30 **** Incremental Build of configuration Debug for project just_super_led ****
make -j8 all 
arm-none-eabi-gcc "../Core/Src/main.c" -mcpu=cortex-m4 -std=gnu11 -g3 -DDEBUG -DUSE_HAL_DRIVER -DSTM32F469xx -c -I../Core/Inc -I../Drivers/STM32F4xx_HAL_Driver/Inc -I../Drivers/STM32F4xx_HAL_Driver/Inc/Legacy -I../Drivers/CMSIS/Device/ST/STM32F4xx/Include -I../Drivers/CMSIS/Include -O0 -ffunction-sections -fdata-sections -Wall -fstack-usage -MMD -MP -MF"Core/Src/main.d" -MT"Core/Src/main.o" --specs=nano.specs -mfpu=fpv4-sp-d16 -mfloat-abi=hard -mthumb -o "Core/Src/main.o"
arm-none-eabi-g++ -o "just_super_led.elf" @"objects.list"   -mcpu=cortex-m4 -T"C:\TouchGFXProjects\just_super_led\STM32F469NIHX_FLASH.ld" --specs=nosys.specs -Wl,-Map="just_super_led.map" -Wl,--gc-sections -static --specs=nano.specs -mfpu=fpv4-sp-d16 -mfloat-abi=hard -mthumb -Wl,--start-group -lc -lm -lstdc++ -lsupc++ -Wl,--end-group
Finished building target: just_super_led.elf
 
arm-none-eabi-size   just_super_led.elf 
arm-none-eabi-objdump -h -S  just_super_led.elf  > "just_super_led.list"
   text	   data	    bss	    dec	    hex	filename
  21480	     20	   2292	  23792	   5cf0	just_super_led.elf
Finished building: default.size.stdout
 
Finished building: just_super_led.list
 

19:45:31 Build Finished. 0 errors, 0 warnings. (took 1s.166ms)

